Archive member included to satisfy reference by file (symbol)

/opt/st/stm32cubeclt_1.17.0/GNU-tools-for-STM32/bin/../lib/gcc/arm-none-eabi/12.3.1/../../../../arm-none-eabi/lib/thumb/v7e-m+fp/hard/libc_nano.a(libc_a-exit.o)
                              /opt/st/stm32cubeclt_1.17.0/GNU-tools-for-STM32/bin/../lib/gcc/arm-none-eabi/12.3.1/../../../../arm-none-eabi/lib/thumb/v7e-m+fp/hard/crt0.o (exit)
/opt/st/stm32cubeclt_1.17.0/GNU-tools-for-STM32/bin/../lib/gcc/arm-none-eabi/12.3.1/../../../../arm-none-eabi/lib/thumb/v7e-m+fp/hard/libc_nano.a(libc_a-nano-vfprintf_float.o)
                              (_printf_float)
/opt/st/stm32cubeclt_1.17.0/GNU-tools-for-STM32/bin/../lib/gcc/arm-none-eabi/12.3.1/../../../../arm-none-eabi/lib/thumb/v7e-m+fp/hard/libc_nano.a(libc_a-nano-vfprintf_i.o)
                              /opt/st/stm32cubeclt_1.17.0/GNU-tools-for-STM32/bin/../lib/gcc/arm-none-eabi/12.3.1/../../../../arm-none-eabi/lib/thumb/v7e-m+fp/hard/libc_nano.a(libc_a-nano-vfprintf_float.o) (_printf_common)
/opt/st/stm32cubeclt_1.17.0/GNU-tools-for-STM32/bin/../lib/gcc/arm-none-eabi/12.3.1/../../../../arm-none-eabi/lib/thumb/v7e-m+fp/hard/libc_nano.a(libc_a-findfp.o)
                              /opt/st/stm32cubeclt_1.17.0/GNU-tools-for-STM32/bin/../lib/gcc/arm-none-eabi/12.3.1/../../../../arm-none-eabi/lib/thumb/v7e-m+fp/hard/libc_nano.a(libc_a-exit.o) (__stdio_exit_handler)
/opt/st/stm32cubeclt_1.17.0/GNU-tools-for-STM32/bin/../lib/gcc/arm-none-eabi/12.3.1/../../../../arm-none-eabi/lib/thumb/v7e-m+fp/hard/libc_nano.a(libc_a-fwalk.o)
                              /opt/st/stm32cubeclt_1.17.0/GNU-tools-for-STM32/bin/../lib/gcc/arm-none-eabi/12.3.1/../../../../arm-none-eabi/lib/thumb/v7e-m+fp/hard/libc_nano.a(libc_a-findfp.o) (_fwalk_sglue)
/opt/st/stm32cubeclt_1.17.0/GNU-tools-for-STM32/bin/../lib/gcc/arm-none-eabi/12.3.1/../../../../arm-none-eabi/lib/thumb/v7e-m+fp/hard/libc_nano.a(libc_a-stdio.o)
                              /opt/st/stm32cubeclt_1.17.0/GNU-tools-for-STM32/bin/../lib/gcc/arm-none-eabi/12.3.1/../../../../arm-none-eabi/lib/thumb/v7e-m+fp/hard/libc_nano.a(libc_a-findfp.o) (__sread)
/opt/st/stm32cubeclt_1.17.0/GNU-tools-for-STM32/bin/../lib/gcc/arm-none-eabi/12.3.1/../../../../arm-none-eabi/lib/thumb/v7e-m+fp/hard/libc_nano.a(libc_a-memset.o)
                              /opt/st/stm32cubeclt_1.17.0/GNU-tools-for-STM32/bin/../lib/gcc/arm-none-eabi/12.3.1/../../../../arm-none-eabi/lib/thumb/v7e-m+fp/hard/crt0.o (memset)
/opt/st/stm32cubeclt_1.17.0/GNU-tools-for-STM32/bin/../lib/gcc/arm-none-eabi/12.3.1/../../../../arm-none-eabi/lib/thumb/v7e-m+fp/hard/libc_nano.a(libc_a-localeconv.o)
                              /opt/st/stm32cubeclt_1.17.0/GNU-tools-for-STM32/bin/../lib/gcc/arm-none-eabi/12.3.1/../../../../arm-none-eabi/lib/thumb/v7e-m+fp/hard/libc_nano.a(libc_a-nano-vfprintf_float.o) (_localeconv_r)
/opt/st/stm32cubeclt_1.17.0/GNU-tools-for-STM32/bin/../lib/gcc/arm-none-eabi/12.3.1/../../../../arm-none-eabi/lib/thumb/v7e-m+fp/hard/libc_nano.a(libc_a-closer.o)
                              /opt/st/stm32cubeclt_1.17.0/GNU-tools-for-STM32/bin/../lib/gcc/arm-none-eabi/12.3.1/../../../../arm-none-eabi/lib/thumb/v7e-m+fp/hard/libc_nano.a(libc_a-stdio.o) (_close_r)
/opt/st/stm32cubeclt_1.17.0/GNU-tools-for-STM32/bin/../lib/gcc/arm-none-eabi/12.3.1/../../../../arm-none-eabi/lib/thumb/v7e-m+fp/hard/libc_nano.a(libc_a-reent.o)
                              /opt/st/stm32cubeclt_1.17.0/GNU-tools-for-STM32/bin/../lib/gcc/arm-none-eabi/12.3.1/../../../../arm-none-eabi/lib/thumb/v7e-m+fp/hard/libc_nano.a(libc_a-closer.o) (errno)
/opt/st/stm32cubeclt_1.17.0/GNU-tools-for-STM32/bin/../lib/gcc/arm-none-eabi/12.3.1/../../../../arm-none-eabi/lib/thumb/v7e-m+fp/hard/libc_nano.a(libc_a-impure.o)
                              /opt/st/stm32cubeclt_1.17.0/GNU-tools-for-STM32/bin/../lib/gcc/arm-none-eabi/12.3.1/../../../../arm-none-eabi/lib/thumb/v7e-m+fp/hard/libc_nano.a(libc_a-reent.o) (_impure_ptr)
/opt/st/stm32cubeclt_1.17.0/GNU-tools-for-STM32/bin/../lib/gcc/arm-none-eabi/12.3.1/../../../../arm-none-eabi/lib/thumb/v7e-m+fp/hard/libc_nano.a(libc_a-lseekr.o)
                              /opt/st/stm32cubeclt_1.17.0/GNU-tools-for-STM32/bin/../lib/gcc/arm-none-eabi/12.3.1/../../../../arm-none-eabi/lib/thumb/v7e-m+fp/hard/libc_nano.a(libc_a-stdio.o) (_lseek_r)
/opt/st/stm32cubeclt_1.17.0/GNU-tools-for-STM32/bin/../lib/gcc/arm-none-eabi/12.3.1/../../../../arm-none-eabi/lib/thumb/v7e-m+fp/hard/libc_nano.a(libc_a-readr.o)
                              /opt/st/stm32cubeclt_1.17.0/GNU-tools-for-STM32/bin/../lib/gcc/arm-none-eabi/12.3.1/../../../../arm-none-eabi/lib/thumb/v7e-m+fp/hard/libc_nano.a(libc_a-stdio.o) (_read_r)
/opt/st/stm32cubeclt_1.17.0/GNU-tools-for-STM32/bin/../lib/gcc/arm-none-eabi/12.3.1/../../../../arm-none-eabi/lib/thumb/v7e-m+fp/hard/libc_nano.a(libc_a-writer.o)
[...]
Memory Configuration

Name             Origin             Length             Attributes
RAM              0x20000000         0x00008000         xrw
FLASH            0x08000000         0x00020000         xr
*default*        0x00000000         0xffffffff

Linker script and memory map

LOAD /opt/st/stm32cubeclt_1.17.0/GNU-tools-for-STM32/bin/../lib/gcc/arm-none-eabi/12.3.1/thumb/v7e-m+fp/hard/crti.o
LOAD /opt/st/stm32cubeclt_1.17.0/GNU-tools-for-STM32/bin/../lib/gcc/arm-none-eabi/12.3.1/thumb/v7e-m+fp/hard/crtbegin.o
LOAD /opt/st/stm32cubeclt_1.17.0/GNU-tools-for-STM32/bin/../lib/gcc/arm-none-eabi/12.3.1/../../../../arm-none-eabi/lib/thumb/v7e-m+fp/hard/crt0.o
START GROUP
LOAD /opt/st/stm32cubeclt_1.17.0/GNU-tools-for-STM32/bin/../lib/gcc/arm-none-eabi/12.3.1/../../../../arm-none-eabi/lib/thumb/v7e-m+fp/hard/libc_nano.a
LOAD /opt/st/stm32cubeclt_1.17.0/GNU-tools-for-STM32/bin/../lib/gcc/arm-none-eabi/12.3.1/../../../../arm-none-eabi/lib/thumb/v7e-m+fp/hard/libm.a
END GROUP
LOAD CMakeFiles/easyfoc.dir/Core/Src/at.c.obj
LOAD CMakeFiles/easyfoc.dir/Core/Src/foc.c.obj
LOAD CMakeFiles/easyfoc.dir/Drivers/atc/atc.c.obj
LOAD CMakeFiles/easyfoc.dir/Core/Src/main.c.obj
LOAD CMakeFiles/easyfoc.dir/Core/Src/gpio.c.obj
LOAD CMakeFiles/easyfoc.dir/Core/Src/app_freertos.c.obj
LOAD CMakeFiles/easyfoc.dir/Core/Src/adc.c.obj
LOAD CMakeFiles/easyfoc.dir/Core/Src/dma.c.obj
LOAD CMakeFiles/easyfoc.dir/Core/Src/tim.c.obj
LOAD CMakeFiles/easyfoc.dir/Core/Src/usart.c.obj
LOAD CMakeFiles/easyfoc.dir/Core/Src/stm32g4xx_it.c.obj
LOAD CMakeFiles/easyfoc.dir/Core/Src/stm32g4xx_hal_msp.c.obj
LOAD CMakeFiles/easyfoc.dir/Core/Src/stm32g4xx_hal_timebase_tim.c.obj
LOAD CMakeFiles/easyfoc.dir/Drivers/STM32G4xx_HAL_Driver/Src/stm32g4xx_hal_tim.c.obj
LOAD CMakeFiles/easyfoc.dir/Drivers/STM32G4xx_HAL_Driver/Src/stm32g4xx_hal_tim_ex.c.obj
LOAD CMakeFiles/easyfoc.dir/Drivers/STM32G4xx_HAL_Driver/Src/stm32g4xx_hal_adc.c.obj
LOAD CMakeFiles/easyfoc.dir/Drivers/STM32G4xx_HAL_Driver/Src/stm32g4xx_hal_adc_ex.c.obj
LOAD CMakeFiles/easyfoc.dir/Drivers/STM32G4xx_HAL_Driver/Src/stm32g4xx_ll_adc.c.obj
LOAD CMakeFiles/easyfoc.dir/Drivers/STM32G4xx_HAL_Driver/Src/stm32g4xx_hal.c.obj
LOAD CMakeFiles/easyfoc.dir/Drivers/STM32G4xx_HAL_Driver/Src/stm32g4xx_hal_rcc.c.obj
LOAD CMakeFiles/easyfoc.dir/Drivers/STM32G4xx_HAL_Driver/Src/stm32g4xx_hal_rcc_ex.c.obj
LOAD CMakeFiles/easyfoc.dir/Drivers/STM32G4xx_HAL_Driver/Src/stm32g4xx_hal_flash.c.obj
LOAD CMakeFiles/easyfoc.dir/Drivers/STM32G4xx_HAL_Driver/Src/stm32g4xx_hal_flash_ex.c.obj
LOAD CMakeFiles/easyfoc.dir/Drivers/STM32G4xx_HAL_Driver/Src/stm32g4xx_hal_flash_ramfunc.c.obj
LOAD CMakeFiles/easyfoc.dir/Drivers/STM32G4xx_HAL_Driver/Src/stm32g4xx_hal_gpio.c.obj
LOAD CMakeFiles/easyfoc.dir/Drivers/STM32G4xx_HAL_Driver/Src/stm32g4xx_hal_exti.c.obj
LOAD CMakeFiles/easyfoc.dir/Drivers/STM32G4xx_HAL_Driver/Src/stm32g4xx_hal_dma.c.obj
LOAD CMakeFiles/easyfoc.dir/Drivers/STM32G4xx_HAL_Driver/Src/stm32g4xx_hal_dma_ex.c.obj
LOAD CMakeFiles/easyfoc.dir/Drivers/STM32G4xx_HAL_Driver/Src/stm32g4xx_hal_pwr.c.obj
LOAD CMakeFiles/easyfoc.dir/Drivers/STM32G4xx_HAL_Driver/Src/stm32g4xx_hal_pwr_ex.c.obj
LOAD CMakeFiles/easyfoc.dir/Drivers/STM32G4xx_HAL_Driver/Src/stm32g4xx_hal_cortex.c.obj
LOAD CMakeFiles/easyfoc.dir/Drivers/STM32G4xx_HAL_Driver/Src/stm32g4xx_hal_uart.c.obj
LOAD CMakeFiles/easyfoc.dir/Drivers/STM32G4xx_HAL_Driver/Src/stm32g4xx_hal_uart_ex.c.obj
LOAD CMakeFiles/easyfoc.dir/Core/Src/system_stm32g4xx.c.obj
LOAD CMakeFiles/easyfoc.dir/Middlewares/Third_Party/FreeRTOS/Source/croutine.c.obj
LOAD CMakeFiles/easyfoc.dir/Middlewares/Third_Party/FreeRTOS/Source/event_groups.c.obj
LOAD CMakeFiles/easyfoc.dir/Middlewares/Third_Party/FreeRTOS/Source/list.c.obj
LOAD CMakeFiles/easyfoc.dir/Middlewares/Third_Party/FreeRTOS/Source/queue.c.obj
LOAD CMakeFiles/easyfoc.dir/Middlewares/Third_Party/FreeRTOS/Source/stream_buffer.c.obj
LOAD CMakeFiles/easyfoc.dir/Middlewares/Third_Party/FreeRTOS/Source/tasks.c.obj
LOAD CMakeFiles/easyfoc.dir/Middlewares/Third_Party/FreeRTOS/Source/timers.c.obj
LOAD CMakeFiles/easyfoc.dir/Middlewares/Third_Party/FreeRTOS/Source/CMSIS_RTOS_V2/cmsis_os2.c.obj
LOAD CMakeFiles/easyfoc.dir/Middlewares/Third_Party/FreeRTOS/Source/portable/MemMang/heap_4.c.obj
LOAD CMakeFiles/easyfoc.dir/Middlewares/Third_Party/FreeRTOS/Source/portable/GCC/ARM_CM4F/port.c.obj
LOAD CMakeFiles/easyfoc.dir/Core/Src/sysmem.c.obj
LOAD CMakeFiles/easyfoc.dir/Core/Src/syscalls.c.obj
LOAD CMakeFiles/easyfoc.dir/startup_stm32g431xx.s.obj
START GROUP
LOAD /opt/st/stm32cubeclt_1.17.0/GNU-tools-for-STM32/bin/../lib/gcc/arm-none-eabi/12.3.1/thumb/v7e-m+fp/hard/libgcc.a
LOAD /opt/st/stm32cubeclt_1.17.0/GNU-tools-for-STM32/bin/../lib/gcc/arm-none-eabi/12.3.1/../../../../arm-none-eabi/lib/thumb/v7e-m+fp/hard/libg_nano.a
LOAD /opt/st/stm32cubeclt_1.17.0/GNU-tools-for-STM32/bin/../lib/gcc/arm-none-eabi/12.3.1/../../../../arm-none-eabi/lib/thumb/v7e-m+fp/hard/libc_nano.a
END GROUP
START GROUP
LOAD /opt/st/stm32cubeclt_1.17.0/GNU-tools-for-STM32/bin/../lib/gcc/arm-none-eabi/12.3.1/thumb/v7e-m+fp/hard/libgcc.a
LOAD /opt/st/stm32cubeclt_1.17.0/GNU-tools-for-STM32/bin/../lib/gcc/arm-none-eabi/12.3.1/../../../../arm-none-eabi/lib/thumb/v7e-m+fp/hard/libc_nano.a
LOAD /opt/st/stm32cubeclt_1.17.0/GNU-tools-for-STM32/bin/../lib/gcc/arm-none-eabi/12.3.1/../../../../arm-none-eabi/lib/thumb/v7e-m+fp/hard/libnosys.a
END GROUP
START GROUP
LOAD /opt/st/stm32cubeclt_1.17.0/GNU-tools-for-STM32/bin/../lib/gcc/arm-none-eabi/12.3.1/thumb/v7e-m+fp/hard/libgcc.a
LOAD /opt/st/stm32cubeclt_1.17.0/GNU-tools-for-STM32/bin/../lib/gcc/arm-none-eabi/12.3.1/../../../../arm-none-eabi/lib/thumb/v7e-m+fp/hard/libc_nano.a
LOAD /opt/st/stm32cubeclt_1.17.0/GNU-tools-for-STM32/bin/../lib/gcc/arm-none-eabi/12.3.1/../../../../arm-none-eabi/lib/thumb/v7e-m+fp/hard/libnosys.a
END GROUP
LOAD /opt/st/stm32cubeclt_1.17.0/GNU-tools-for-STM32/bin/../lib/gcc/arm-none-eabi/12.3.1/thumb/v7e-m+fp/hard/crtend.o
LOAD /opt/st/stm32cubeclt_1.17.0/GNU-tools-for-STM32/bin/../lib/gcc/arm-none-eabi/12.3.1/thumb/v7e-m+fp/hard/crtn.o
                0x20008000                        _estack = (ORIGIN (RAM) + LENGTH (RAM))
                0x00000400                        _Min_Heap_Size = 0x400
                0x00000400                        _Min_Stack_Size = 0x400

.isr_vector     0x08000000      0x1d8
                0x08000000                        . = ALIGN (0x4)
 *(.isr_vector)
 .isr_vector    0x08000000      0x1d8 CMakeFiles/easyfoc.dir/startup_stm32g431xx.s.obj
                0x08000000                g_pfnVectors
                0x080001d8                        . = ALIGN (0x4)

.text           0x080001e0    0x11714
                0x080001e0                        . = ALIGN (0x4)
 *(.text)
 .text          0x080001e0       0x40 /opt/st/stm32cubeclt_1.17.0/GNU-tools-for-STM32/bin/../lib/gcc/arm-none-eabi/12.3.1/thumb/v7e-m+fp/hard/crtbegin.o
 .text          0x08000220       0xa0 /opt/st/stm32cubeclt_1.17.0/GNU-tools-for-STM32/bin/../lib/gcc/arm-none-eabi/12.3.1/../../../../arm-none-eabi/lib/thumb/v7e-m+fp/hard/libc_nano.a(libc_a-memchr.o)
                0x08000220                memchr
 .text          0x080002c0       0x10 /opt/st/stm32cubeclt_1.17.0/GNU-tools-for-STM32/bin/../lib/gcc/arm-none-eabi/12.3.1/../../../../arm-none-eabi/lib/thumb/v7e-m+fp/hard/libc_nano.a(libc_a-strlen.o)
                0x080002c0                strlen
 .text          0x080002d0      0x378 /opt/st/stm32cubeclt_1.17.0/GNU-tools-for-STM32/bin/../lib/gcc/arm-none-eabi/12.3.1/thumb/v7e-m+fp/hard/libgcc.a(_arm_addsubdf3.o)
                0x080002d0                __aeabi_drsub
                0x080002d8                __aeabi_dsub
                0x080002d8                __subdf3
                0x080002dc                __adddf3
                0x080002dc                __aeabi_dadd
                0x08000554                __aeabi_ui2d
                0x08000554                __floatunsidf
                0x08000574                __floatsidf
                0x08000574                __aeabi_i2d
                0x08000598                __extendsfdf2
                0x08000598                __aeabi_f2d
                0x080005dc                __aeabi_ul2d
                0x080005dc                __floatundidf
                0x080005ec                __floatdidf
                0x080005ec                __aeabi_l2d
 .text          0x08000648      0x424 /opt/st/stm32cubeclt_1.17.0/GNU-tools-for-STM32/bin/../lib/gcc/arm-none-eabi/12.3.1/thumb/v7e-m+fp/hard/libgcc.a(_arm_muldivdf3.o)
                0x08000648                __aeabi_dmul
                0x08000648                __muldf3
                0x0800089c                __aeabi_ddiv
                0x0800089c                __divdf3
 .text          0x08000a6c      0x110 /opt/st/stm32cubeclt_1.17.0/GNU-tools-for-STM32/bin/../lib/gcc/arm-none-eabi/12.3.1/thumb/v7e-m+fp/hard/libgcc.a(_arm_cmpdf2.o)
                0x08000a6c                __gtdf2
                0x08000a6c                __gedf2
                0x08000a74                __ltdf2
                0x08000a74                __ledf2
                0x08000a7c                __cmpdf2
                0x08000a7c                __eqdf2
                0x08000a7c                __nedf2
                0x08000af8                __aeabi_cdrcmple
                0x08000b08                __aeabi_cdcmple
                0x08000b08                __aeabi_cdcmpeq
                0x08000b18                __aeabi_dcmpeq
                0x08000b2c                __aeabi_dcmplt
                0x08000b40                __aeabi_dcmple
                0x08000b54                __aeabi_dcmpge
                0x08000b68                __aeabi_dcmpgt
 .text          0x08000b7c       0x2c /opt/st/stm32cubeclt_1.17.0/GNU-tools-for-STM32/bin/../lib/gcc/arm-none-eabi/12.3.1/thumb/v7e-m+fp/hard/libgcc.a(_arm_unorddf2.o)
                0x08000b7c                __aeabi_dcmpun
                0x08000b7c                __unorddf2
 .text          0x08000ba8       0x50 /opt/st/stm32cubeclt_1.17.0/GNU-tools-for-STM32/bin/../lib/gcc/arm-none-eabi/12.3.1/thumb/v7e-m+fp/hard/libgcc.a(_arm_fixdfsi.o)
                0x08000ba8                __fixdfsi
                0x08000ba8                __aeabi_d2iz
 .text          0x08000bf8       0x40 /opt/st/stm32cubeclt_1.17.0/GNU-tools-for-STM32/bin/../lib/gcc/arm-none-eabi/12.3.1/thumb/v7e-m+fp/hard/libgcc.a(_arm_fixunsdfsi.o)
                0x08000bf8                __fixunsdfsi
                0x08000bf8                __aeabi_d2uiz
 .text          0x08000c38       0xa0 /opt/st/stm32cubeclt_1.17.0/GNU-tools-for-STM32/bin/../lib/gcc/arm-none-eabi/12.3.1/thumb/v7e-m+fp/hard/libgcc.a(_arm_truncdfsf2.o)
                0x08000c38                __aeabi_d2f
                0x08000c38                __truncdfsf2
 .text          0x08000cd8       0x30 /opt/st/stm32cubeclt_1.17.0/GNU-tools-for-STM32/bin/../lib/gcc/arm-none-eabi/12.3.1/thumb/v7e-m+fp/hard/libgcc.a(_aeabi_uldivmod.o)
                0x08000cd8                __aeabi_uldivmod
 .text          0x08000d08      0x2bc /opt/st/stm32cubeclt_1.17.0/GNU-tools-for-STM32/bin/../lib/gcc/arm-none-eabi/12.3.1/thumb/v7e-m+fp/hard/libgcc.a(_udivmoddi4.o)
                0x08000d08                __udivmoddi4
 .text          0x08000fc4        0x4 /opt/st/stm32cubeclt_1.17.0/GNU-tools-for-STM32/bin/../lib/gcc/arm-none-eabi/12.3.1/thumb/v7e-m+fp/hard/libgcc.a(_dvmd_tls.o)
                0x08000fc4                __aeabi_ldiv0
                0x08000fc4                __aeabi_idiv0
 .text          0x08000fc8       0x30 /opt/st/stm32cubeclt_1.17.0/GNU-tools-for-STM32/bin/../lib/gcc/arm-none-eabi/12.3.1/thumb/v7e-m+fp/hard/libgcc.a(_fixdfdi.o)
                0x08000fc8                __aeabi_d2lz
                0x08000fc8                __fixdfdi
 .text          0x08000ff8       0x3c /opt/st/stm32cubeclt_1.17.0/GNU-tools-for-STM32/bin/../lib/gcc/arm-none-eabi/12.3.1/thumb/v7e-m+fp/hard/libgcc.a(_fixunsdfdi.o)
                0x08000ff8                __aeabi_d2ulz
                0x08000ff8                __fixunsdfdi
 *(.text*)
 .text.__cvt    0x08001034       0xca /opt/st/stm32cubeclt_1.17.0/GNU-tools-for-STM32/bin/../lib/gcc/arm-none-eabi/12.3.1/../../../../arm-none-eabi/lib/thumb/v7e-m+fp/hard/libc_nano.a(libc_a-nano-vfprintf_float.o)
                0x08001034                __cvt
 .text.__exponent
                0x080010fe       0x74 /opt/st/stm32cubeclt_1.17.0/GNU-tools-for-STM32/bin/../lib/gcc/arm-none-eabi/12.3.1/../../../../arm-none-eabi/lib/thumb/v7e-m+fp/hard/libc_nano.a(libc_a-nano-vfprintf_float.o)
                0x080010fe                __exponent
 *fill*         0x08001172        0x2 
 .text._printf_float
                0x08001174      0x454 /opt/st/stm32cubeclt_1.17.0/GNU-tools-for-STM32/bin/../lib/gcc/arm-none-eabi/12.3.1/../../../../arm-none-eabi/lib/thumb/v7e-m+fp/hard/libc_nano.a(libc_a-nano-vfprintf_float.o)
                0x08001174                _printf_float
 .text._printf_common
                0x080015c8       0xda /opt/st/stm32cubeclt_1.17.0/GNU-tools-for-STM32/bin/../lib/gcc/arm-none-eabi/12.3.1/../../../../arm-none-eabi/lib/thumb/v7e-m+fp/hard/libc_nano.a(libc_a-nano-vfprintf_i.o)
                0x080015c8                _printf_common
 *fill*         0x080016a2        0x2 
 .text._printf_i
                0x080016a4      0x240 /opt/st/stm32cubeclt_1.17.0/GNU-tools-for-STM32/bin/../lib/gcc/arm-none-eabi/12.3.1/../../../../arm-none-eabi/lib/thumb/v7e-m+fp/hard/libc_nano.a(libc_a-nano-vfprintf_i.o)
                0x080016a4                _printf_i
 .text.std      0x080018e4       0x6c /opt/st/stm32cubeclt_1.17.0/GNU-tools-for-STM32/bin/../lib/gcc/arm-none-eabi/12.3.1/../../../../arm-none-eabi/lib/thumb/v7e-m+fp/hard/libc_nano.a(libc_a-findfp.o)
 .text.stdio_exit_handler
                0x08001950       0x18 /opt/st/stm32cubeclt_1.17.0/GNU-tools-for-STM32/bin/../lib/gcc/arm-none-eabi/12.3.1/../../../../arm-none-eabi/lib/thumb/v7e-m+fp/hard/libc_nano.a(libc_a-findfp.o)
 .text.cleanup_stdio
                0x08001968       0x40 /opt/st/stm32cubeclt_1.17.0/GNU-tools-for-STM32/bin/../lib/gcc/arm-none-eabi/12.3.1/../../../../arm-none-eabi/lib/thumb/v7e-m+fp/hard/libc_nano.a(libc_a-findfp.o)
 .text.global_stdio_init.part.0
                0x080019a8       0x3c /opt/st/stm32cubeclt_1.17.0/GNU-tools-for-STM32/bin/../lib/gcc/arm-none-eabi/12.3.1/../../../../arm-none-eabi/lib/thumb/v7e-m+fp/hard/libc_nano.a(libc_a-findfp.o)
 .text.__sfp_lock_acquire
                0x080019e4        0xc /opt/st/stm32cubeclt_1.17.0/GNU-tools-for-STM32/bin/../lib/gcc/arm-none-eabi/12.3.1/../../../../arm-none-eabi/lib/thumb/v7e-m+fp/hard/libc_nano.a(libc_a-findfp.o)
                0x080019e4                __sfp_lock_acquire
 .text.__sfp_lock_release
                0x080019f0        0xc /opt/st/stm32cubeclt_1.17.0/GNU-tools-for-STM32/bin/../lib/gcc/arm-none-eabi/12.3.1/../../../../arm-none-eabi/lib/thumb/v7e-m+fp/hard/libc_nano.a(libc_a-findfp.o)
                0x080019f0                __sfp_lock_release
 .text.__sinit  0x080019fc       0x30 /opt/st/stm32cubeclt_1.17.0/GNU-tools-for-STM32/bin/../lib/gcc/arm-none-eabi/12.3.1/../../../../arm-none-eabi/lib/thumb/v7e-m+fp/hard/libc_nano.a(libc_a-findfp.o)
                0x080019fc                __sinit
 .text._fwalk_sglue
                0x08001a2c       0x3c /opt/st/stm32cubeclt_1.17.0/GNU-tools-for-STM32/bin/../lib/gcc/arm-none-eabi/12.3.1/../../../../arm-none-eabi/lib/thumb/v7e-m+fp/hard/libc_nano.a(libc_a-fwalk.o)
                0x08001a2c                _fwalk_sglue
 .text.__sread  0x08001a68       0x22 /opt/st/stm32cubeclt_1.17.0/GNU-tools-for-STM32/bin/../lib/gcc/arm-none-eabi/12.3.1/../../../../arm-none-eabi/lib/thumb/v7e-m+fp/hard/libc_nano.a(libc_a-stdio.o)
                0x08001a68                __sread
 .text.__swrite
                0x08001a8a       0x38 /opt/st/stm32cubeclt_1.17.0/GNU-tools-for-STM32/bin/../lib/gcc/arm-none-eabi/12.3.1/../../../../arm-none-eabi/lib/thumb/v7e-m+fp/hard/libc_nano.a(libc_a-stdio.o)
                0x08001a8a                __swrite
 .text.__sseek  0x08001ac2       0x24 /opt/st/stm32cubeclt_1.17.0/GNU-tools-for-STM32/bin/../lib/gcc/arm-none-eabi/12.3.1/../../../../arm-none-eabi/lib/thumb/v7e-m+fp/hard/libc_nano.a(libc_a-stdio.o)
                0x08001ac2                __sseek
 .text.__sclose
                0x08001ae6        0x8 /opt/st/stm32cubeclt_1.17.0/GNU-tools-for-STM32/bin/../lib/gcc/arm-none-eabi/12.3.1/../../../../arm-none-eabi/lib/thumb/v7e-m+fp/hard/libc_nano.a(libc_a-stdio.o)
                0x08001ae6                __sclose
 .text.memset   0x08001aee       0x10 /opt/st/stm32cubeclt_1.17.0/GNU-tools-for-STM32/bin/../lib/gcc/arm-none-eabi/12.3.1/../../../../arm-none-eabi/lib/thumb/v7e-m+fp/hard/libc_nano.a(libc_a-memset.o)
                0x08001aee                memset
 *fill*         0x08001afe        0x2 
 .text._localeconv_r
                0x08001b00        0x8 /opt/st/stm32cubeclt_1.17.0/GNU-tools-for-STM32/bin/../lib/gcc/arm-none-eabi/12.3.1/../../../../arm-none-eabi/lib/thumb/v7e-m+fp/hard/libc_nano.a(libc_a-localeconv.o)
                0x08001b00                _localeconv_r
 .text._close_r
                0x08001b08       0x20 /opt/st/stm32cubeclt_1.17.0/GNU-tools-for-STM32/bin/../lib/gcc/arm-none-eabi/12.3.1/../../../../arm-none-eabi/lib/thumb/v7e-m+fp/hard/libc_nano.a(libc_a-closer.o)
                0x08001b08                _close_r
 .text._lseek_r
                0x08001b28       0x24 /opt/st/stm32cubeclt_1.17.0/GNU-tools-for-STM32/bin/../lib/gcc/arm-none-eabi/12.3.1/../../../../arm-none-eabi/lib/thumb/v7e-m+fp/hard/libc_nano.a(libc_a-lseekr.o)
                0x08001b28                _lseek_r
 .text._read_r  0x08001b4c       0x24 /opt/st/stm32cubeclt_1.17.0/GNU-tools-for-STM32/bin/../lib/gcc/arm-none-eabi/12.3.1/../../../../arm-none-eabi/lib/thumb/v7e-m+fp/hard/libc_nano.a(libc_a-readr.o)
                0x08001b4c                _read_r
 .text._write_r
                0x08001b70       0x24 /opt/st/stm32cubeclt_1.17.0/GNU-tools-for-STM32/bin/../lib/gcc/arm-none-eabi/12.3.1/../../../../arm-none-eabi/lib/thumb/v7e-m+fp/hard/libc_nano.a(libc_a-writer.o)
                0x08001b70                _write_r
 .text.__libc_init_array
                0x08001b94       0x48 /opt/st/stm32cubeclt_1.17.0/GNU-tools-for-STM32/bin/../lib/gcc/arm-none-eabi/12.3.1/../../../../arm-none-eabi/lib/thumb/v7e-m+fp/hard/libc_nano.a(libc_a-init.o)
                0x08001b94                __libc_init_array
 .text.__retarget_lock_init_recursive
                0x08001bdc        0x2 /opt/st/stm32cubeclt_1.17.0/GNU-tools-for-STM32/bin/../lib/gcc/arm-none-eabi/12.3.1/../../../../arm-none-eabi/lib/thumb/v7e-m+fp/hard/libc_nano.a(libc_a-lock.o)
                0x08001bdc                __retarget_lock_init_recursive
 .text.__retarget_lock_acquire_recursive
                0x08001bde        0x2 /opt/st/stm32cubeclt_1.17.0/GNU-tools-for-STM32/bin/../lib/gcc/arm-none-eabi/12.3.1/../../../../arm-none-eabi/lib/thumb/v7e-m+fp/hard/libc_nano.a(libc_a-lock.o)
                0x08001bde                __retarget_lock_acquire_recursive
 .text.__retarget_lock_release_recursive
                0x08001be0        0x2 /opt/st/stm32cubeclt_1.17.0/GNU-tools-for-STM32/bin/../lib/gcc/arm-none-eabi/12.3.1/../../../../arm-none-eabi/lib/thumb/v7e-m+fp/hard/libc_nano.a(libc_a-lock.o)
                0x08001be0                __retarget_lock_release_recursive
 .text.quorem   0x08001be2      0x110 /opt/st/stm32cubeclt_1.17.0/GNU-tools-for-STM32/bin/../lib/gcc/arm-none-eabi/12.3.1/../../../../arm-none-eabi/lib/thumb/v7e-m+fp/hard/libc_nano.a(libc_a-dtoa.o)
 *fill*         0x08001cf2        0x6 
 .text._dtoa_r  0x08001cf8      0xb88 /opt/st/stm32cubeclt_1.17.0/GNU-tools-for-STM32/bin/../lib/gcc/arm-none-eabi/12.3.1/../../../../arm-none-eabi/lib/thumb/v7e-m+fp/hard/libc_nano.a(libc_a-dtoa.o)
                0x08001cf8                _dtoa_r
 .text._free_r  0x08002880       0x94 /opt/st/stm32cubeclt_1.17.0/GNU-tools-for-STM32/bin/../lib/gcc/arm-none-eabi/12.3.1/../../../../arm-none-eabi/lib/thumb/v7e-m+fp/hard/libc_nano.a(libc_a-freer.o)
                0x08002880                _free_r
 .text.malloc   0x08002914       0x10 /opt/st/stm32cubeclt_1.17.0/GNU-tools-for-STM32/bin/../lib/gcc/arm-none-eabi/12.3.1/../../../../arm-none-eabi/lib/thumb/v7e-m+fp/hard/libc_nano.a(libc_a-malloc.o)
                0x08002914                malloc
 .text.sbrk_aligned
                0x08002924       0x44 /opt/st/stm32cubeclt_1.17.0/GNU-tools-for-STM32/bin/../lib/gcc/arm-none-eabi/12.3.1/../../../../arm-none-eabi/lib/thumb/v7e-m+fp/hard/libc_nano.a(libc_a-mallocr.o)
 .text._malloc_r
                0x08002968      0x100 /opt/st/stm32cubeclt_1.17.0/GNU-tools-for-STM32/bin/../lib/gcc/arm-none-eabi/12.3.1/../../../../arm-none-eabi/lib/thumb/v7e-m+fp/hard/libc_nano.a(libc_a-mallocr.o)
                0x08002968                _malloc_r
 .text.__malloc_lock
                0x08002a68        0xc /opt/st/stm32cubeclt_1.17.0/GNU-tools-for-STM32/bin/../lib/gcc/arm-none-eabi/12.3.1/../../../../arm-none-eabi/lib/thumb/v7e-m+fp/hard/libc_nano.a(libc_a-mlock.o)
                0x08002a68                __malloc_lock
 .text.__malloc_unlock
                0x08002a74        0xc /opt/st/stm32cubeclt_1.17.0/GNU-tools-for-STM32/bin/../lib/gcc/arm-none-eabi/12.3.1/../../../../arm-none-eabi/lib/thumb/v7e-m+fp/hard/libc_nano.a(libc_a-mlock.o)
                0x08002a74                __malloc_unlock
 .text._Balloc  0x08002a80       0x80 /opt/st/stm32cubeclt_1.17.0/GNU-tools-for-STM32/bin/../lib/gcc/arm-none-eabi/12.3.1/../../../../arm-none-eabi/lib/thumb/v7e-m+fp/hard/libc_nano.a(libc_a-mprec.o)
                0x08002a80                _Balloc
 .text._Bfree   0x08002b00       0x44 /opt/st/stm32cubeclt_1.17.0/GNU-tools-for-STM32/bin/../lib/gcc/arm-none-eabi/12.3.1/../../../../arm-none-eabi/lib/thumb/v7e-m+fp/hard/libc_nano.a(libc_a-mprec.o)
                0x08002b00                _Bfree
 .text.__multadd
                0x08002b44       0x8c /opt/st/stm32cubeclt_1.17.0/GNU-tools-for-STM32/bin/../lib/gcc/arm-none-eabi/12.3.1/../../../../arm-none-eabi/lib/thumb/v7e-m+fp/hard/libc_nano.a(libc_a-mprec.o)
                0x08002b44                __multadd
 .text.__s2b    0x08002bd0       0x94 /opt/st/stm32cubeclt_1.17.0/GNU-tools-for-STM32/bin/../lib/gcc/arm-none-eabi/12.3.1/../../../../arm-none-eabi/lib/thumb/v7e-m+fp/hard/libc_nano.a(libc_a-mprec.o)
                0x08002bd0                __s2b
 .text.__hi0bits
                0x08002c64       0x3e /opt/st/stm32cubeclt_1.17.0/GNU-tools-for-STM32/bin/../lib/gcc/arm-none-eabi/12.3.1/../../../../arm-none-eabi/lib/thumb/v7e-m+fp/hard/libc_nano.a(libc_a-mprec.o)
                0x08002c64                __hi0bits
 .text.__lo0bits
                0x08002ca2       0x5a /opt/st/stm32cubeclt_1.17.0/GNU-tools-for-STM32/bin/../lib/gcc/arm-none-eabi/12.3.1/../../../../arm-none-eabi/lib/thumb/v7e-m+fp/hard/libc_nano.a(libc_a-mprec.o)
                0x08002ca2                __lo0bits
 .text.__i2b    0x08002cfc       0x2c /opt/st/stm32cubeclt_1.17.0/GNU-tools-for-STM32/bin/../lib/gcc/arm-none-eabi/12.3.1/../../../../arm-none-eabi/lib/thumb/v7e-m+fp/hard/libc_nano.a(libc_a-mprec.o)
                0x08002cfc                __i2b
 .text.__multiply
                0x08002d28      0x154 /opt/st/stm32cubeclt_1.17.0/GNU-tools-for-STM32/bin/../lib/gcc/arm-none-eabi/12.3.1/../../../../arm-none-eabi/lib/thumb/v7e-m+fp/hard/libc_nano.a(libc_a-mprec.o)
                0x08002d28                __multiply
 .text.__pow5mult
                0x08002e7c       0xb4 /opt/st/stm32cubeclt_1.17.0/GNU-tools-for-STM32/bin/../lib/gcc/arm-none-eabi/12.3.1/../../../../arm-none-eabi/lib/thumb/v7e-m+fp/hard/libc_nano.a(libc_a-mprec.o)
                0x08002e7c                __pow5mult
 .text.__lshift
                0x08002f30       0xd8 /opt/st/stm32cubeclt_1.17.0/GNU-tools-for-STM32/bin/../lib/gcc/arm-none-eabi/12.3.1/../../../../arm-none-eabi/lib/thumb/v7e-m+fp/hard/libc_nano.a(libc_a-mprec.o)
                0x08002f30                __lshift
 .text.__mcmp   0x08003008       0x36 /opt/st/stm32cubeclt_1.17.0/GNU-tools-for-STM32/bin/../lib/gcc/arm-none-eabi/12.3.1/../../../../arm-none-eabi/lib/thumb/v7e-m+fp/hard/libc_nano.a(libc_a-mprec.o)
                0x08003008                __mcmp
 *fill*         0x0800303e        0x2 
 .text.__mdiff  0x08003040      0x128 /opt/st/stm32cubeclt_1.17.0/GNU-tools-for-STM32/bin/../lib/gcc/arm-none-eabi/12.3.1/../../../../arm-none-eabi/lib/thumb/v7e-m+fp/hard/libc_nano.a(libc_a-mprec.o)
                0x08003040                __mdiff
 .text.__ulp    0x08003168       0x4c /opt/st/stm32cubeclt_1.17.0/GNU-tools-for-STM32/bin/../lib/gcc/arm-none-eabi/12.3.1/../../../../arm-none-eabi/lib/thumb/v7e-m+fp/hard/libc_nano.a(libc_a-mprec.o)
                0x08003168                __ulp
 .text.__b2d    0x080031b4       0x94 /opt/st/stm32cubeclt_1.17.0/GNU-tools-for-STM32/bin/../lib/gcc/arm-none-eabi/12.3.1/../../../../arm-none-eabi/lib/thumb/v7e-m+fp/hard/libc_nano.a(libc_a-mprec.o)
                0x080031b4                __b2d
 .text.__d2b    0x08003248       0xb0 /opt/st/stm32cubeclt_1.17.0/GNU-tools-for-STM32/bin/../lib/gcc/arm-none-eabi/12.3.1/../../../../arm-none-eabi/lib/thumb/v7e-m+fp/hard/libc_nano.a(libc_a-mprec.o)
                0x08003248                __d2b
 .text.__ratio  0x080032f8       0x64 /opt/st/stm32cubeclt_1.17.0/GNU-tools-for-STM32/bin/../lib/gcc/arm-none-eabi/12.3.1/../../../../arm-none-eabi/lib/thumb/v7e-m+fp/hard/libc_nano.a(libc_a-mprec.o)
                0x080032f8                __ratio
 .text.__copybits
                0x0800335c       0x46 /opt/st/stm32cubeclt_1.17.0/GNU-tools-for-STM32/bin/../lib/gcc/arm-none-eabi/12.3.1/../../../../arm-none-eabi/lib/thumb/v7e-m+fp/hard/libc_nano.a(libc_a-mprec.o)
                0x0800335c                __copybits
 .text.__any_on
                0x080033a2       0x42 /opt/st/stm32cubeclt_1.17.0/GNU-tools-for-STM32/bin/../lib/gcc/arm-none-eabi/12.3.1/../../../../arm-none-eabi/lib/thumb/v7e-m+fp/hard/libc_nano.a(libc_a-mprec.o)
                0x080033a2                __any_on
 .text.__sflush_r
                0x080033e4      0x108 /opt/st/stm32cubeclt_1.17.0/GNU-tools-for-STM32/bin/../lib/gcc/arm-none-eabi/12.3.1/../../../../arm-none-eabi/lib/thumb/v7e-m+fp/hard/libc_nano.a(libc_a-fflush.o)
                0x080033e4                __sflush_r
 .text._fflush_r
                0x080034ec       0x50 /opt/st/stm32cubeclt_1.17.0/GNU-tools-for-STM32/bin/../lib/gcc/arm-none-eabi/12.3.1/../../../../arm-none-eabi/lib/thumb/v7e-m+fp/hard/libc_nano.a(libc_a-fflush.o)
                0x080034ec                _fflush_r
 .text._sbrk_r  0x0800353c       0x20 /opt/st/stm32cubeclt_1.17.0/GNU-tools-for-STM32/bin/../lib/gcc/arm-none-eabi/12.3.1/../../../../arm-none-eabi/lib/thumb/v7e-m+fp/hard/libc_nano.a(libc_a-sbrkr.o)
                0x0800353c                _sbrk_r
 .text.memcpy   0x0800355c       0x1c /opt/st/stm32cubeclt_1.17.0/GNU-tools-for-STM32/bin/../lib/gcc/arm-none-eabi/12.3.1/../../../../arm-none-eabi/lib/thumb/v7e-m+fp/hard/libc_nano.a(libc_a-memcpy-stub.o)
                0x0800355c                memcpy
 .text.__assert_func
                0x08003578       0x3c /opt/st/stm32cubeclt_1.17.0/GNU-tools-for-STM32/bin/../lib/gcc/arm-none-eabi/12.3.1/../../../../arm-none-eabi/lib/thumb/v7e-m+fp/hard/libc_nano.a(libc_a-assert.o)
                0x08003578                __assert_func
 .text._calloc_r
                0x080035b4       0x28 /opt/st/stm32cubeclt_1.17.0/GNU-tools-for-STM32/bin/../lib/gcc/arm-none-eabi/12.3.1/../../../../arm-none-eabi/lib/thumb/v7e-m+fp/hard/libc_nano.a(libc_a-callocr.o)
                0x080035b4                _calloc_r
 .text.__ascii_mbtowc
                0x080035dc       0x24 /opt/st/stm32cubeclt_1.17.0/GNU-tools-for-STM32/bin/../lib/gcc/arm-none-eabi/12.3.1/../../../../arm-none-eabi/lib/thumb/v7e-m+fp/hard/libc_nano.a(libc_a-mbtowc_r.o)
                0x080035dc                __ascii_mbtowc
 .text.__ascii_wctomb
                0x08003600       0x1a /opt/st/stm32cubeclt_1.17.0/GNU-tools-for-STM32/bin/../lib/gcc/arm-none-eabi/12.3.1/../../../../arm-none-eabi/lib/thumb/v7e-m+fp/hard/libc_nano.a(libc_a-wctomb_r.o)
                0x08003600                __ascii_wctomb
 *fill*         0x0800361a        0x2 
 .text.fprintf  0x0800361c       0x24 /opt/st/stm32cubeclt_1.17.0/GNU-tools-for-STM32/bin/../lib/gcc/arm-none-eabi/12.3.1/../../../../arm-none-eabi/lib/thumb/v7e-m+fp/hard/libc_nano.a(libc_a-fprintf.o)
                0x0800361c                fprintf
                0x0800361c                fiprintf
 .text.abort    0x08003640        0xe /opt/st/stm32cubeclt_1.17.0/GNU-tools-for-STM32/bin/../lib/gcc/arm-none-eabi/12.3.1/../../../../arm-none-eabi/lib/thumb/v7e-m+fp/hard/libc_nano.a(libc_a-abort.o)
                0x08003640                abort
 .text.__sfputc_r
                0x0800364e       0x2e /opt/st/stm32cubeclt_1.17.0/GNU-tools-for-STM32/bin/../lib/gcc/arm-none-eabi/12.3.1/../../../../arm-none-eabi/lib/thumb/v7e-m+fp/hard/libc_nano.a(libc_a-nano-vfprintf.o)
 .text.__sfputs_r
                0x0800367c       0x24 /opt/st/stm32cubeclt_1.17.0/GNU-tools-for-STM32/bin/../lib/gcc/arm-none-eabi/12.3.1/../../../../arm-none-eabi/lib/thumb/v7e-m+fp/hard/libc_nano.a(libc_a-nano-vfprintf.o)
                0x0800367c                __sfputs_r
 .text._vfprintf_r
                0x080036a0      0x230 /opt/st/stm32cubeclt_1.17.0/GNU-tools-for-STM32/bin/../lib/gcc/arm-none-eabi/12.3.1/../../../../arm-none-eabi/lib/thumb/v7e-m+fp/hard/libc_nano.a(libc_a-nano-vfprintf.o)
                0x080036a0                _vfiprintf_r
                0x080036a0                _vfprintf_r
 .text.__swbuf_r
                0x080038d0       0x7c /opt/st/stm32cubeclt_1.17.0/GNU-tools-for-STM32/bin/../lib/gcc/arm-none-eabi/12.3.1/../../../../arm-none-eabi/lib/thumb/v7e-m+fp/hard/libc_nano.a(libc_a-wbuf.o)
                0x080038d0                __swbuf_r
 .text.__swsetup_r
                0x0800394c       0xac /opt/st/stm32cubeclt_1.17.0/GNU-tools-for-STM32/bin/../lib/gcc/arm-none-eabi/12.3.1/../../../../arm-none-eabi/lib/thumb/v7e-m+fp/hard/libc_nano.a(libc_a-wsetup.o)
                0x0800394c                __swsetup_r
 .text.memmove  0x080039f8       0x34 /opt/st/stm32cubeclt_1.17.0/GNU-tools-for-STM32/bin/../lib/gcc/arm-none-eabi/12.3.1/../../../../arm-none-eabi/lib/thumb/v7e-m+fp/hard/libc_nano.a(libc_a-memmove.o)
                0x080039f8                memmove
 .text._raise_r
                0x08003a2c       0x50 /opt/st/stm32cubeclt_1.17.0/GNU-tools-for-STM32/bin/../lib/gcc/arm-none-eabi/12.3.1/../../../../arm-none-eabi/lib/thumb/v7e-m+fp/hard/libc_nano.a(libc_a-signal.o)
                0x08003a2c                _raise_r
 .text.raise    0x08003a7c       0x10 /opt/st/stm32cubeclt_1.17.0/GNU-tools-for-STM32/bin/../lib/gcc/arm-none-eabi/12.3.1/../../../../arm-none-eabi/lib/thumb/v7e-m+fp/hard/libc_nano.a(libc_a-signal.o)
                0x08003a7c                raise
 .text._kill_r  0x08003a8c       0x24 /opt/st/stm32cubeclt_1.17.0/GNU-tools-for-STM32/bin/../lib/gcc/arm-none-eabi/12.3.1/../../../../arm-none-eabi/lib/thumb/v7e-m+fp/hard/libc_nano.a(libc_a-signalr.o)
                0x08003a8c                _kill_r
 .text._getpid_r
                0x08003ab0        0x4 /opt/st/stm32cubeclt_1.17.0/GNU-tools-for-STM32/bin/../lib/gcc/arm-none-eabi/12.3.1/../../../../arm-none-eabi/lib/thumb/v7e-m+fp/hard/libc_nano.a(libc_a-signalr.o)
                0x08003ab0                _getpid_r
 .text._realloc_r
                0x08003ab4       0x5c /opt/st/stm32cubeclt_1.17.0/GNU-tools-for-STM32/bin/../lib/gcc/arm-none-eabi/12.3.1/../../../../arm-none-eabi/lib/thumb/v7e-m+fp/hard/libc_nano.a(libc_a-reallocr.o)
                0x08003ab4                _realloc_r
 .text.__swhatbuf_r
                0x08003b10       0x4c /opt/st/stm32cubeclt_1.17.0/GNU-tools-for-STM32/bin/../lib/gcc/arm-none-eabi/12.3.1/../../../../arm-none-eabi/lib/thumb/v7e-m+fp/hard/libc_nano.a(libc_a-makebuf.o)
                0x08003b10                __swhatbuf_r
 .text.__smakebuf_r
                0x08003b5c       0x78 /opt/st/stm32cubeclt_1.17.0/GNU-tools-for-STM32/bin/../lib/gcc/arm-none-eabi/12.3.1/../../../../arm-none-eabi/lib/thumb/v7e-m+fp/hard/libc_nano.a(libc_a-makebuf.o)
                0x08003b5c                __smakebuf_r
 .text._fstat_r
                0x08003bd4       0x24 /opt/st/stm32cubeclt_1.17.0/GNU-tools-for-STM32/bin/../lib/gcc/arm-none-eabi/12.3.1/../../../../arm-none-eabi/lib/thumb/v7e-m+fp/hard/libc_nano.a(libc_a-fstatr.o)
                0x08003bd4                _fstat_r
 .text._isatty_r
                0x08003bf8       0x20 /opt/st/stm32cubeclt_1.17.0/GNU-tools-for-STM32/bin/../lib/gcc/arm-none-eabi/12.3.1/../../../../arm-none-eabi/lib/thumb/v7e-m+fp/hard/libc_nano.a(libc_a-isattyr.o)
                0x08003bf8                _isatty_r
 .text._malloc_usable_size_r
                0x08003c18       0x10 /opt/st/stm32cubeclt_1.17.0/GNU-tools-for-STM32/bin/../lib/gcc/arm-none-eabi/12.3.1/../../../../arm-none-eabi/lib/thumb/v7e-m+fp/hard/libc_nano.a(libc_a-msizer.o)
                0x08003c18                _malloc_usable_size_r
 .text.AT_Task  0x08003c28       0x18 CMakeFiles/easyfoc.dir/Core/Src/at.c.obj
                0x08003c28                AT_Task
 .text.set_torque
                0x08003c40       0x3c CMakeFiles/easyfoc.dir/Core/Src/at.c.obj
                0x08003c40                set_torque
 .text.set_velocity
                0x08003c7c       0x3c CMakeFiles/easyfoc.dir/Core/Src/at.c.obj
                0x08003c7c                set_velocity
 .text.AT_Init  0x08003cb8       0x64 CMakeFiles/easyfoc.dir/Core/Src/at.c.obj
                0x08003cb8                AT_Init
 .text.foc_init
                0x08003d1c       0xec CMakeFiles/easyfoc.dir/Core/Src/foc.c.obj
                0x08003d1c                foc_init
 .text.set_motor
                0x08003e08       0x3c CMakeFiles/easyfoc.dir/Core/Src/foc.c.obj
                0x08003e08                set_motor
 .text.set_pwm  0x08003e44      0x11c CMakeFiles/easyfoc.dir/Core/Src/foc.c.obj
                0x08003e44                set_pwm
 .text.set_output
                0x08003f60      0x218 CMakeFiles/easyfoc.dir/Core/Src/foc.c.obj
                0x08003f60                set_output
 .text.angle_normalize
                0x08004178       0x48 CMakeFiles/easyfoc.dir/Core/Src/foc.c.obj
                0x08004178                angle_normalize
 .text.step     0x080041c0       0x54 CMakeFiles/easyfoc.dir/Core/Src/foc.c.obj
                0x080041c0                step
 *fill*         0x08004214        0x4 
 .text.hall_read_velocity
                0x08004218      0x130 CMakeFiles/easyfoc.dir/Core/Src/foc.c.obj
                0x08004218                hall_read_velocity
 .text.hall_read_angle
                0x08004348      0x24c CMakeFiles/easyfoc.dir/Core/Src/foc.c.obj
                0x08004348                hall_read_angle
 .text.PID      0x08004594      0x138 CMakeFiles/easyfoc.dir/Core/Src/foc.c.obj
                0x08004594                PID
 .text.ATC_Malloc
                0x080046cc       0x1e CMakeFiles/easyfoc.dir/Drivers/atc/atc.c.obj
                0x080046cc                ATC_Malloc
 .text.ATC_Free
                0x080046ea       0x2e CMakeFiles/easyfoc.dir/Drivers/atc/atc.c.obj
                0x080046ea                ATC_Free
 .text.ATC_RxFlush
                0x08004718       0x26 CMakeFiles/easyfoc.dir/Drivers/atc/atc.c.obj
                0x08004718                ATC_RxFlush
 .text.ATC_TxRaw
                0x0800473e       0x3e CMakeFiles/easyfoc.dir/Drivers/atc/atc.c.obj
                0x0800473e                ATC_TxRaw
 .text.ATC_CheckEvents
                0x0800477c      0x174 CMakeFiles/easyfoc.dir/Drivers/atc/atc.c.obj
                0x0800477c                ATC_CheckEvents
 .text.ATC_CheckErrors
                0x080048f0       0xc8 CMakeFiles/easyfoc.dir/Drivers/atc/atc.c.obj
                0x080048f0                ATC_CheckErrors
 .text.ATC_Init
                0x080049b8      0x14e CMakeFiles/easyfoc.dir/Drivers/atc/atc.c.obj
                0x080049b8                ATC_Init
 .text.ATC_SetCommands
                0x08004b06       0x60 CMakeFiles/easyfoc.dir/Drivers/atc/atc.c.obj
                0x08004b06                ATC_SetCommands
 .text.ATC_Loop
                0x08004b66       0x1c CMakeFiles/easyfoc.dir/Drivers/atc/atc.c.obj
                0x08004b66                ATC_Loop
 .text.ATC_IdleLineCallback
                0x08004b82       0xd0 CMakeFiles/easyfoc.dir/Drivers/atc/atc.c.obj
                0x08004b82                ATC_IdleLineCallback
 .text.main     0x08004c52       0x38 CMakeFiles/easyfoc.dir/Core/Src/main.c.obj
                0x08004c52                main
 .text.SystemClock_Config
                0x08004c8a       0x96 CMakeFiles/easyfoc.dir/Core/Src/main.c.obj
                0x08004c8a                SystemClock_Config
 .text.HAL_TIM_PeriodElapsedCallback
                0x08004d20       0x1e CMakeFiles/easyfoc.dir/Core/Src/main.c.obj
                0x08004d20                HAL_TIM_PeriodElapsedCallback
 .text.Error_Handler
                0x08004d3e        0xc CMakeFiles/easyfoc.dir/Core/Src/main.c.obj
                0x08004d3e                Error_Handler
 *fill*         0x08004d4a        0x2 
 .text.MX_GPIO_Init
                0x08004d4c       0xa0 CMakeFiles/easyfoc.dir/Core/Src/gpio.c.obj
                0x08004d4c                MX_GPIO_Init
 .text.MX_FREERTOS_Init
                0x08004dec       0x28 CMakeFiles/easyfoc.dir/Core/Src/app_freertos.c.obj
                0x08004dec                MX_FREERTOS_Init
 .text.StartDefaultTask
                0x08004e14       0xac CMakeFiles/easyfoc.dir/Core/Src/app_freertos.c.obj
                0x08004e14                StartDefaultTask
 .text.MX_ADC1_Init
                0x08004ec0       0xf0 CMakeFiles/easyfoc.dir/Core/Src/adc.c.obj
                0x08004ec0                MX_ADC1_Init
 .text.HAL_ADC_MspInit
                0x08004fb0       0xac CMakeFiles/easyfoc.dir/Core/Src/adc.c.obj
                0x08004fb0                HAL_ADC_MspInit
 .text.MX_DMA_Init
                0x0800505c       0x64 CMakeFiles/easyfoc.dir/Core/Src/dma.c.obj
                0x0800505c                MX_DMA_Init
 .text.MX_TIM1_Init
                0x080050c0      0x198 CMakeFiles/easyfoc.dir/Core/Src/tim.c.obj
                0x080050c0                MX_TIM1_Init
 .text.MX_TIM6_Init
                0x08005258       0x74 CMakeFiles/easyfoc.dir/Core/Src/tim.c.obj
                0x08005258                MX_TIM6_Init
 .text.HAL_TIM_Base_MspInit
                0x080052cc       0x68 CMakeFiles/easyfoc.dir/Core/Src/tim.c.obj
                0x080052cc                HAL_TIM_Base_MspInit
 .text.HAL_TIM_MspPostInit
                0x08005334       0xec CMakeFiles/easyfoc.dir/Core/Src/tim.c.obj
                0x08005334                HAL_TIM_MspPostInit
 .text.HAL_UARTEx_RxEventCallback
                0x08005420       0x30 CMakeFiles/easyfoc.dir/Core/Src/usart.c.obj
                0x08005420                HAL_UARTEx_RxEventCallback
 .text.MX_USART2_UART_Init
                0x08005450       0x98 CMakeFiles/easyfoc.dir/Core/Src/usart.c.obj
                0x08005450                MX_USART2_UART_Init
 .text.HAL_UART_MspInit
                0x080054e8      0x178 CMakeFiles/easyfoc.dir/Core/Src/usart.c.obj
                0x080054e8                HAL_UART_MspInit
 .text._write   0x08005660       0x28 CMakeFiles/easyfoc.dir/Core/Src/usart.c.obj
                0x08005660                _write
 .text.printf   0x08005688       0x44 CMakeFiles/easyfoc.dir/Core/Src/usart.c.obj
                0x08005688                printf
 .text.__io_getchar
                0x080056cc       0x38 CMakeFiles/easyfoc.dir/Core/Src/usart.c.obj
                0x080056cc                __io_getchar
 .text.NMI_Handler
                0x08005704        0x8 CMakeFiles/easyfoc.dir/Core/Src/stm32g4xx_it.c.obj
                0x08005704                NMI_Handler
 .text.HardFault_Handler
                0x0800570c        0x8 CMakeFiles/easyfoc.dir/Core/Src/stm32g4xx_it.c.obj
                0x0800570c                HardFault_Handler
 .text.MemManage_Handler
                0x08005714        0x8 CMakeFiles/easyfoc.dir/Core/Src/stm32g4xx_it.c.obj
                0x08005714                MemManage_Handler
 .text.BusFault_Handler
                0x0800571c        0x8 CMakeFiles/easyfoc.dir/Core/Src/stm32g4xx_it.c.obj
                0x0800571c                BusFault_Handler
 .text.UsageFault_Handler
                0x08005724        0x8 CMakeFiles/easyfoc.dir/Core/Src/stm32g4xx_it.c.obj
                0x08005724                UsageFault_Handler
 .text.DebugMon_Handler
                0x0800572c        0xe CMakeFiles/easyfoc.dir/Core/Src/stm32g4xx_it.c.obj
                0x0800572c                DebugMon_Handler
 *fill*         0x0800573a        0x2 
 .text.DMA1_Channel1_IRQHandler
                0x0800573c       0x14 CMakeFiles/easyfoc.dir/Core/Src/stm32g4xx_it.c.obj
                0x0800573c                DMA1_Channel1_IRQHandler
 .text.DMA1_Channel2_IRQHandler
                0x08005750       0x14 CMakeFiles/easyfoc.dir/Core/Src/stm32g4xx_it.c.obj
                0x08005750                DMA1_Channel2_IRQHandler
 .text.TIM2_IRQHandler
                0x08005764       0x14 CMakeFiles/easyfoc.dir/Core/Src/stm32g4xx_it.c.obj
                0x08005764                TIM2_IRQHandler
 .text.USART2_IRQHandler
                0x08005778       0x14 CMakeFiles/easyfoc.dir/Core/Src/stm32g4xx_it.c.obj
                0x08005778                USART2_IRQHandler
 .text.HAL_MspInit
                0x0800578c       0x54 CMakeFiles/easyfoc.dir/Core/Src/stm32g4xx_hal_msp.c.obj
                0x0800578c                HAL_MspInit
 .text.HAL_InitTick
                0x080057e0       0xd8 CMakeFiles/easyfoc.dir/Core/Src/stm32g4xx_hal_timebase_tim.c.obj
                0x080057e0                HAL_InitTick
 .text.HAL_TIM_Base_Init
                0x080058b8       0xae CMakeFiles/easyfoc.dir/Drivers/STM32G4xx_HAL_Driver/Src/stm32g4xx_hal_tim.c.obj
                0x080058b8                HAL_TIM_Base_Init
 *fill*         0x08005966        0x2 
 .text.HAL_TIM_Base_Start
                0x08005968       0xc4 CMakeFiles/easyfoc.dir/Drivers/STM32G4xx_HAL_Driver/Src/stm32g4xx_hal_tim.c.obj
                0x08005968                HAL_TIM_Base_Start
 .text.HAL_TIM_Base_Start_IT
                0x08005a2c       0xd4 CMakeFiles/easyfoc.dir/Drivers/STM32G4xx_HAL_Driver/Src/stm32g4xx_hal_tim.c.obj
                0x08005a2c                HAL_TIM_Base_Start_IT
 .text.HAL_TIM_PWM_Init
                0x08005b00       0xae CMakeFiles/easyfoc.dir/Drivers/STM32G4xx_HAL_Driver/Src/stm32g4xx_hal_tim.c.obj
                0x08005b00                HAL_TIM_PWM_Init
 .text.HAL_TIM_PWM_MspInit
                0x08005bae       0x14 CMakeFiles/easyfoc.dir/Drivers/STM32G4xx_HAL_Driver/Src/stm32g4xx_hal_tim.c.obj
                0x08005bae                HAL_TIM_PWM_MspInit
 *fill*         0x08005bc2        0x2 
 .text.HAL_TIM_PWM_Start
                0x08005bc4      0x200 CMakeFiles/easyfoc.dir/Drivers/STM32G4xx_HAL_Driver/Src/stm32g4xx_hal_tim.c.obj
                0x08005bc4                HAL_TIM_PWM_Start
 .text.HAL_TIM_IRQHandler
                0x08005dc4      0x29e CMakeFiles/easyfoc.dir/Drivers/STM32G4xx_HAL_Driver/Src/stm32g4xx_hal_tim.c.obj
                0x08005dc4                HAL_TIM_IRQHandler
 *fill*         0x08006062        0x2 
 .text.HAL_TIM_PWM_ConfigChannel
                0x08006064      0x228 CMakeFiles/easyfoc.dir/Drivers/STM32G4xx_HAL_Driver/Src/stm32g4xx_hal_tim.c.obj
                0x08006064                HAL_TIM_PWM_ConfigChannel
 .text.HAL_TIM_ConfigClockSource
                0x0800628c      0x1f4 CMakeFiles/easyfoc.dir/Drivers/STM32G4xx_HAL_Driver/Src/stm32g4xx_hal_tim.c.obj
                0x0800628c                HAL_TIM_ConfigClockSource
 .text.HAL_TIM_OC_DelayElapsedCallback
                0x08006480       0x14 CMakeFiles/easyfoc.dir/Drivers/STM32G4xx_HAL_Driver/Src/stm32g4xx_hal_tim.c.obj
                0x08006480                HAL_TIM_OC_DelayElapsedCallback
 .text.HAL_TIM_IC_CaptureCallback
                0x08006494       0x14 CMakeFiles/easyfoc.dir/Drivers/STM32G4xx_HAL_Driver/Src/stm32g4xx_hal_tim.c.obj
                0x08006494                HAL_TIM_IC_CaptureCallback
 .text.HAL_TIM_PWM_PulseFinishedCallback
                0x080064a8       0x14 CMakeFiles/easyfoc.dir/Drivers/STM32G4xx_HAL_Driver/Src/stm32g4xx_hal_tim.c.obj
                0x080064a8                HAL_TIM_PWM_PulseFinishedCallback
 .text.HAL_TIM_TriggerCallback
                0x080064bc       0x14 CMakeFiles/easyfoc.dir/Drivers/STM32G4xx_HAL_Driver/Src/stm32g4xx_hal_tim.c.obj
                0x080064bc                HAL_TIM_TriggerCallback
 .text.TIM_Base_SetConfig
                0x080064d0      0x138 CMakeFiles/easyfoc.dir/Drivers/STM32G4xx_HAL_Driver/Src/stm32g4xx_hal_tim.c.obj
                0x080064d0                TIM_Base_SetConfig
 .text.TIM_OC1_SetConfig
                0x08006608      0x120 CMakeFiles/easyfoc.dir/Drivers/STM32G4xx_HAL_Driver/Src/stm32g4xx_hal_tim.c.obj
 .text.TIM_OC2_SetConfig
                0x08006728      0x114 CMakeFiles/easyfoc.dir/Drivers/STM32G4xx_HAL_Driver/Src/stm32g4xx_hal_tim.c.obj
                0x08006728                TIM_OC2_SetConfig
 .text.TIM_OC3_SetConfig
                0x0800683c      0x110 CMakeFiles/easyfoc.dir/Drivers/STM32G4xx_HAL_Driver/Src/stm32g4xx_hal_tim.c.obj
 .text.TIM_OC4_SetConfig
                0x0800694c      0x114 CMakeFiles/easyfoc.dir/Drivers/STM32G4xx_HAL_Driver/Src/stm32g4xx_hal_tim.c.obj
 .text.TIM_OC5_SetConfig
                0x08006a60       0xc8 CMakeFiles/easyfoc.dir/Drivers/STM32G4xx_HAL_Driver/Src/stm32g4xx_hal_tim.c.obj
 .text.TIM_OC6_SetConfig
                0x08006b28       0xcc CMakeFiles/easyfoc.dir/Drivers/STM32G4xx_HAL_Driver/Src/stm32g4xx_hal_tim.c.obj
 .text.TIM_TI1_ConfigInputStage
                0x08006bf4       0x5e CMakeFiles/easyfoc.dir/Drivers/STM32G4xx_HAL_Driver/Src/stm32g4xx_hal_tim.c.obj
 .text.TIM_TI2_ConfigInputStage
                0x08006c52       0x60 CMakeFiles/easyfoc.dir/Drivers/STM32G4xx_HAL_Driver/Src/stm32g4xx_hal_tim.c.obj
 .text.TIM_ITRx_SetConfig
                0x08006cb2       0x3a CMakeFiles/easyfoc.dir/Drivers/STM32G4xx_HAL_Driver/Src/stm32g4xx_hal_tim.c.obj
 .text.TIM_ETR_SetConfig
                0x08006cec       0x40 CMakeFiles/easyfoc.dir/Drivers/STM32G4xx_HAL_Driver/Src/stm32g4xx_hal_tim.c.obj
                0x08006cec                TIM_ETR_SetConfig
 .text.TIM_CCxChannelCmd
                0x08006d2c       0x4a CMakeFiles/easyfoc.dir/Drivers/STM32G4xx_HAL_Driver/Src/stm32g4xx_hal_tim.c.obj
                0x08006d2c                TIM_CCxChannelCmd
 *fill*         0x08006d76        0x2 
 .text.HAL_TIMEx_PWMN_Start
                0x08006d78      0x168 CMakeFiles/easyfoc.dir/Drivers/STM32G4xx_HAL_Driver/Src/stm32g4xx_hal_tim_ex.c.obj
                0x08006d78                HAL_TIMEx_PWMN_Start
 .text.HAL_TIMEx_MasterConfigSynchronization
                0x08006ee0      0x104 CMakeFiles/easyfoc.dir/Drivers/STM32G4xx_HAL_Driver/Src/stm32g4xx_hal_tim_ex.c.obj
                0x08006ee0                HAL_TIMEx_MasterConfigSynchronization
 .text.HAL_TIMEx_ConfigBreakDeadTime
                0x08006fe4      0x118 CMakeFiles/easyfoc.dir/Drivers/STM32G4xx_HAL_Driver/Src/stm32g4xx_hal_tim_ex.c.obj
                0x08006fe4                HAL_TIMEx_ConfigBreakDeadTime
 .text.HAL_TIMEx_CommutCallback
                0x080070fc       0x14 CMakeFiles/easyfoc.dir/Drivers/STM32G4xx_HAL_Driver/Src/stm32g4xx_hal_tim_ex.c.obj
                0x080070fc                HAL_TIMEx_CommutCallback
 .text.HAL_TIMEx_BreakCallback
                0x08007110       0x14 CMakeFiles/easyfoc.dir/Drivers/STM32G4xx_HAL_Driver/Src/stm32g4xx_hal_tim_ex.c.obj
                0x08007110                HAL_TIMEx_BreakCallback
 .text.HAL_TIMEx_Break2Callback
                0x08007124       0x14 CMakeFiles/easyfoc.dir/Drivers/STM32G4xx_HAL_Driver/Src/stm32g4xx_hal_tim_ex.c.obj
                0x08007124                HAL_TIMEx_Break2Callback
 .text.HAL_TIMEx_EncoderIndexCallback
                0x08007138       0x14 CMakeFiles/easyfoc.dir/Drivers/STM32G4xx_HAL_Driver/Src/stm32g4xx_hal_tim_ex.c.obj
                0x08007138                HAL_TIMEx_EncoderIndexCallback
 .text.HAL_TIMEx_DirectionChangeCallback
                0x0800714c       0x14 CMakeFiles/easyfoc.dir/Drivers/STM32G4xx_HAL_Driver/Src/stm32g4xx_hal_tim_ex.c.obj
                0x0800714c                HAL_TIMEx_DirectionChangeCallback
 .text.HAL_TIMEx_IndexErrorCallback
                0x08007160       0x14 CMakeFiles/easyfoc.dir/Drivers/STM32G4xx_HAL_Driver/Src/stm32g4xx_hal_tim_ex.c.obj
                0x08007160                HAL_TIMEx_IndexErrorCallback
 .text.HAL_TIMEx_TransitionErrorCallback
                0x08007174       0x14 CMakeFiles/easyfoc.dir/Drivers/STM32G4xx_HAL_Driver/Src/stm32g4xx_hal_tim_ex.c.obj
                0x08007174                HAL_TIMEx_TransitionErrorCallback
 .text.TIM_CCxNChannelCmd
                0x08007188       0x4a CMakeFiles/easyfoc.dir/Drivers/STM32G4xx_HAL_Driver/Src/stm32g4xx_hal_tim_ex.c.obj
 .text.LL_ADC_SetCommonClock
                0x080071d2       0x26 CMakeFiles/easyfoc.dir/Drivers/STM32G4xx_HAL_Driver/Src/stm32g4xx_hal_adc.c.obj
 .text.LL_ADC_SetCommonPathInternalCh
                0x080071f8       0x26 CMakeFiles/easyfoc.dir/Drivers/STM32G4xx_HAL_Driver/Src/stm32g4xx_hal_adc.c.obj
 .text.LL_ADC_GetCommonPathInternalCh
                0x0800721e       0x1c CMakeFiles/easyfoc.dir/Drivers/STM32G4xx_HAL_Driver/Src/stm32g4xx_hal_adc.c.obj
 *fill*         0x0800723a        0x2 
 .text.LL_ADC_SetOffset
                0x0800723c       0x48 CMakeFiles/easyfoc.dir/Drivers/STM32G4xx_HAL_Driver/Src/stm32g4xx_hal_adc.c.obj
 .text.LL_ADC_GetOffsetChannel
                0x08007284       0x2c CMakeFiles/easyfoc.dir/Drivers/STM32G4xx_HAL_Driver/Src/stm32g4xx_hal_adc.c.obj
 .text.LL_ADC_SetOffsetState
                0x080072b0       0x36 CMakeFiles/easyfoc.dir/Drivers/STM32G4xx_HAL_Driver/Src/stm32g4xx_hal_adc.c.obj
 .text.LL_ADC_SetOffsetSign
                0x080072e6       0x36 CMakeFiles/easyfoc.dir/Drivers/STM32G4xx_HAL_Driver/Src/stm32g4xx_hal_adc.c.obj
 .text.LL_ADC_SetOffsetSaturation
                0x0800731c       0x36 CMakeFiles/easyfoc.dir/Drivers/STM32G4xx_HAL_Driver/Src/stm32g4xx_hal_adc.c.obj
 .text.LL_ADC_SetSamplingTimeCommonConfig
                0x08007352       0x26 CMakeFiles/easyfoc.dir/Drivers/STM32G4xx_HAL_Driver/Src/stm32g4xx_hal_adc.c.obj
 .text.LL_ADC_REG_SetSequencerRanks
                0x08007378       0x58 CMakeFiles/easyfoc.dir/Drivers/STM32G4xx_HAL_Driver/Src/stm32g4xx_hal_adc.c.obj
 .text.LL_ADC_SetChannelSamplingTime
                0x080073d0       0x56 CMakeFiles/easyfoc.dir/Drivers/STM32G4xx_HAL_Driver/Src/stm32g4xx_hal_adc.c.obj
 *fill*         0x08007426        0x2 
 .text.LL_ADC_SetChannelSingleDiff
                0x08007428       0x48 CMakeFiles/easyfoc.dir/Drivers/STM32G4xx_HAL_Driver/Src/stm32g4xx_hal_adc.c.obj
 .text.LL_ADC_DisableDeepPowerDown
                0x08007470       0x24 CMakeFiles/easyfoc.dir/Drivers/STM32G4xx_HAL_Driver/Src/stm32g4xx_hal_adc.c.obj
 .text.LL_ADC_IsDeepPowerDownEnabled
                0x08007494       0x28 CMakeFiles/easyfoc.dir/Drivers/STM32G4xx_HAL_Driver/Src/stm32g4xx_hal_adc.c.obj
 .text.LL_ADC_EnableInternalRegulator
                0x080074bc       0x28 CMakeFiles/easyfoc.dir/Drivers/STM32G4xx_HAL_Driver/Src/stm32g4xx_hal_adc.c.obj
 .text.LL_ADC_IsInternalRegulatorEnabled
                0x080074e4       0x28 CMakeFiles/easyfoc.dir/Drivers/STM32G4xx_HAL_Driver/Src/stm32g4xx_hal_adc.c.obj
 .text.LL_ADC_IsEnabled
                0x0800750c       0x26 CMakeFiles/easyfoc.dir/Drivers/STM32G4xx_HAL_Driver/Src/stm32g4xx_hal_adc.c.obj
 .text.LL_ADC_REG_IsConversionOngoing
                0x08007532       0x26 CMakeFiles/easyfoc.dir/Drivers/STM32G4xx_HAL_Driver/Src/stm32g4xx_hal_adc.c.obj
 .text.LL_ADC_INJ_IsConversionOngoing
                0x08007558       0x26 CMakeFiles/easyfoc.dir/Drivers/STM32G4xx_HAL_Driver/Src/stm32g4xx_hal_adc.c.obj
 *fill*         0x0800757e        0x2 
 .text.HAL_ADC_Init
                0x08007580      0x308 CMakeFiles/easyfoc.dir/Drivers/STM32G4xx_HAL_Driver/Src/stm32g4xx_hal_adc.c.obj
                0x08007580                HAL_ADC_Init
 .text.HAL_ADC_ConfigChannel
                0x08007888      0x7e0 CMakeFiles/easyfoc.dir/Drivers/STM32G4xx_HAL_Driver/Src/stm32g4xx_hal_adc.c.obj
                0x08007888                HAL_ADC_ConfigChannel
 .text.LL_ADC_IsEnabled
                0x08008068       0x26 CMakeFiles/easyfoc.dir/Drivers/STM32G4xx_HAL_Driver/Src/stm32g4xx_hal_adc_ex.c.obj
 .text.LL_ADC_REG_IsConversionOngoing
                0x0800808e       0x26 CMakeFiles/easyfoc.dir/Drivers/STM32G4xx_HAL_Driver/Src/stm32g4xx_hal_adc_ex.c.obj
 .text.HAL_ADCEx_MultiModeConfigChannel
                0x080080b4      0x148 CMakeFiles/easyfoc.dir/Drivers/STM32G4xx_HAL_Driver/Src/stm32g4xx_hal_adc_ex.c.obj
                0x080080b4                HAL_ADCEx_MultiModeConfigChannel
 .text.HAL_Init
                0x080081fc       0x30 CMakeFiles/easyfoc.dir/Drivers/STM32G4xx_HAL_Driver/Src/stm32g4xx_hal.c.obj
                0x080081fc                HAL_Init
 .text.HAL_IncTick
                0x0800822c       0x24 CMakeFiles/easyfoc.dir/Drivers/STM32G4xx_HAL_Driver/Src/stm32g4xx_hal.c.obj
                0x0800822c                HAL_IncTick
 .text.HAL_GetTick
                0x08008250       0x18 CMakeFiles/easyfoc.dir/Drivers/STM32G4xx_HAL_Driver/Src/stm32g4xx_hal.c.obj
                0x08008250                HAL_GetTick
 .text.HAL_RCC_OscConfig
                0x08008268      0x624 CMakeFiles/easyfoc.dir/Drivers/STM32G4xx_HAL_Driver/Src/stm32g4xx_hal_rcc.c.obj
                0x08008268                HAL_RCC_OscConfig
 .text.HAL_RCC_ClockConfig
                0x0800888c      0x278 CMakeFiles/easyfoc.dir/Drivers/STM32G4xx_HAL_Driver/Src/stm32g4xx_hal_rcc.c.obj
                0x0800888c                HAL_RCC_ClockConfig
 .text.HAL_RCC_GetSysClockFreq
                0x08008b04       0xc4 CMakeFiles/easyfoc.dir/Drivers/STM32G4xx_HAL_Driver/Src/stm32g4xx_hal_rcc.c.obj
                0x08008b04                HAL_RCC_GetSysClockFreq
 .text.HAL_RCC_GetHCLKFreq
                0x08008bc8       0x18 CMakeFiles/easyfoc.dir/Drivers/STM32G4xx_HAL_Driver/Src/stm32g4xx_hal_rcc.c.obj
                0x08008bc8                HAL_RCC_GetHCLKFreq
 .text.HAL_RCC_GetPCLK1Freq
                0x08008be0       0x2c CMakeFiles/easyfoc.dir/Drivers/STM32G4xx_HAL_Driver/Src/stm32g4xx_hal_rcc.c.obj
                0x08008be0                HAL_RCC_GetPCLK1Freq
 .text.HAL_RCC_GetPCLK2Freq
                0x08008c0c       0x2c CMakeFiles/easyfoc.dir/Drivers/STM32G4xx_HAL_Driver/Src/stm32g4xx_hal_rcc.c.obj
                0x08008c0c                HAL_RCC_GetPCLK2Freq
 .text.HAL_RCC_GetClockConfig
                0x08008c38       0x64 CMakeFiles/easyfoc.dir/Drivers/STM32G4xx_HAL_Driver/Src/stm32g4xx_hal_rcc.c.obj
                0x08008c38                HAL_RCC_GetClockConfig
 .text.RCC_GetSysClockFreqFromPLLSource
                0x08008c9c       0x8c CMakeFiles/easyfoc.dir/Drivers/STM32G4xx_HAL_Driver/Src/stm32g4xx_hal_rcc.c.obj
 .text.HAL_RCCEx_PeriphCLKConfig
                0x08008d28      0x3e0 CMakeFiles/easyfoc.dir/Drivers/STM32G4xx_HAL_Driver/Src/stm32g4xx_hal_rcc_ex.c.obj
                0x08008d28                HAL_RCCEx_PeriphCLKConfig
 .text.HAL_GPIO_Init
                0x08009108      0x304 CMakeFiles/easyfoc.dir/Drivers/STM32G4xx_HAL_Driver/Src/stm32g4xx_hal_gpio.c.obj
                0x08009108                HAL_GPIO_Init
 .text.HAL_GPIO_ReadPin
                0x0800940c       0x30 CMakeFiles/easyfoc.dir/Drivers/STM32G4xx_HAL_Driver/Src/stm32g4xx_hal_gpio.c.obj
                0x0800940c                HAL_GPIO_ReadPin
 .text.HAL_DMA_Init
                0x0800943c      0x150 CMakeFiles/easyfoc.dir/Drivers/STM32G4xx_HAL_Driver/Src/stm32g4xx_hal_dma.c.obj
                0x0800943c                HAL_DMA_Init
 .text.HAL_DMA_Start_IT
                0x0800958c       0xf6 CMakeFiles/easyfoc.dir/Drivers/STM32G4xx_HAL_Driver/Src/stm32g4xx_hal_dma.c.obj
                0x0800958c                HAL_DMA_Start_IT
 .text.HAL_DMA_Abort
                0x08009682       0xb2 CMakeFiles/easyfoc.dir/Drivers/STM32G4xx_HAL_Driver/Src/stm32g4xx_hal_dma.c.obj
                0x08009682                HAL_DMA_Abort
 .text.HAL_DMA_Abort_IT
                0x08009734       0xce CMakeFiles/easyfoc.dir/Drivers/STM32G4xx_HAL_Driver/Src/stm32g4xx_hal_dma.c.obj
                0x08009734                HAL_DMA_Abort_IT
 .text.HAL_DMA_IRQHandler
                0x08009802      0x15e CMakeFiles/easyfoc.dir/Drivers/STM32G4xx_HAL_Driver/Src/stm32g4xx_hal_dma.c.obj
                0x08009802                HAL_DMA_IRQHandler
 .text.HAL_DMA_GetError
                0x08009960       0x18 CMakeFiles/easyfoc.dir/Drivers/STM32G4xx_HAL_Driver/Src/stm32g4xx_hal_dma.c.obj
                0x08009960                HAL_DMA_GetError
 .text.DMA_SetConfig
                0x08009978       0x7c CMakeFiles/easyfoc.dir/Drivers/STM32G4xx_HAL_Driver/Src/stm32g4xx_hal_dma.c.obj
 .text.DMA_CalcDMAMUXChannelBaseAndMask
                0x080099f4       0x7c CMakeFiles/easyfoc.dir/Drivers/STM32G4xx_HAL_Driver/Src/stm32g4xx_hal_dma.c.obj
 .text.DMA_CalcDMAMUXRequestGenBaseAndMask
                0x08009a70       0x48 CMakeFiles/easyfoc.dir/Drivers/STM32G4xx_HAL_Driver/Src/stm32g4xx_hal_dma.c.obj
 .text.HAL_PWREx_ControlVoltageScaling
                0x08009ab8      0x148 CMakeFiles/easyfoc.dir/Drivers/STM32G4xx_HAL_Driver/Src/stm32g4xx_hal_pwr_ex.c.obj
                0x08009ab8                HAL_PWREx_ControlVoltageScaling
 .text.HAL_PWREx_DisableUCPDDeadBattery
                0x08009c00       0x20 CMakeFiles/easyfoc.dir/Drivers/STM32G4xx_HAL_Driver/Src/stm32g4xx_hal_pwr_ex.c.obj
                0x08009c00                HAL_PWREx_DisableUCPDDeadBattery
 .text.__NVIC_SetPriorityGrouping
                0x08009c20       0x48 CMakeFiles/easyfoc.dir/Drivers/STM32G4xx_HAL_Driver/Src/stm32g4xx_hal_cortex.c.obj
 .text.__NVIC_GetPriorityGrouping
                0x08009c68       0x1c CMakeFiles/easyfoc.dir/Drivers/STM32G4xx_HAL_Driver/Src/stm32g4xx_hal_cortex.c.obj
 .text.__NVIC_EnableIRQ
                0x08009c84       0x3c CMakeFiles/easyfoc.dir/Drivers/STM32G4xx_HAL_Driver/Src/stm32g4xx_hal_cortex.c.obj
 .text.__NVIC_SetPriority
                0x08009cc0       0x54 CMakeFiles/easyfoc.dir/Drivers/STM32G4xx_HAL_Driver/Src/stm32g4xx_hal_cortex.c.obj
 .text.NVIC_EncodePriority
                0x08009d14       0x66 CMakeFiles/easyfoc.dir/Drivers/STM32G4xx_HAL_Driver/Src/stm32g4xx_hal_cortex.c.obj
 .text.HAL_NVIC_SetPriorityGrouping
                0x08009d7a       0x16 CMakeFiles/easyfoc.dir/Drivers/STM32G4xx_HAL_Driver/Src/stm32g4xx_hal_cortex.c.obj
                0x08009d7a                HAL_NVIC_SetPriorityGrouping
 .text.HAL_NVIC_SetPriority
                0x08009d90       0x34 CMakeFiles/easyfoc.dir/Drivers/STM32G4xx_HAL_Driver/Src/stm32g4xx_hal_cortex.c.obj
                0x08009d90                HAL_NVIC_SetPriority
 .text.HAL_NVIC_EnableIRQ
                0x08009dc4       0x1c CMakeFiles/easyfoc.dir/Drivers/STM32G4xx_HAL_Driver/Src/stm32g4xx_hal_cortex.c.obj
                0x08009dc4                HAL_NVIC_EnableIRQ
 .text.HAL_UART_Init
                0x08009de0       0xa0 CMakeFiles/easyfoc.dir/Drivers/STM32G4xx_HAL_Driver/Src/stm32g4xx_hal_uart.c.obj
                0x08009de0                HAL_UART_Init
 .text.HAL_UART_Transmit_DMA
                0x08009e80      0x100 CMakeFiles/easyfoc.dir/Drivers/STM32G4xx_HAL_Driver/Src/stm32g4xx_hal_uart.c.obj
                0x08009e80                HAL_UART_Transmit_DMA
 .text.HAL_UART_Receive_DMA
                0x08009f80       0x98 CMakeFiles/easyfoc.dir/Drivers/STM32G4xx_HAL_Driver/Src/stm32g4xx_hal_uart.c.obj
                0x08009f80                HAL_UART_Receive_DMA
 .text.HAL_UART_AbortReceive
                0x0800a018      0x16a CMakeFiles/easyfoc.dir/Drivers/STM32G4xx_HAL_Driver/Src/stm32g4xx_hal_uart.c.obj
                0x0800a018                HAL_UART_AbortReceive
 *fill*         0x0800a182        0x2 
 .text.HAL_UART_IRQHandler
                0x0800a184      0x684 CMakeFiles/easyfoc.dir/Drivers/STM32G4xx_HAL_Driver/Src/stm32g4xx_hal_uart.c.obj
                0x0800a184                HAL_UART_IRQHandler
 .text.HAL_UART_TxCpltCallback
                0x0800a808       0x14 CMakeFiles/easyfoc.dir/Drivers/STM32G4xx_HAL_Driver/Src/stm32g4xx_hal_uart.c.obj
                0x0800a808                HAL_UART_TxCpltCallback
 .text.HAL_UART_TxHalfCpltCallback
                0x0800a81c       0x14 CMakeFiles/easyfoc.dir/Drivers/STM32G4xx_HAL_Driver/Src/stm32g4xx_hal_uart.c.obj
                0x0800a81c                HAL_UART_TxHalfCpltCallback
 .text.HAL_UART_RxCpltCallback
                0x0800a830       0x14 CMakeFiles/easyfoc.dir/Drivers/STM32G4xx_HAL_Driver/Src/stm32g4xx_hal_uart.c.obj
                0x0800a830                HAL_UART_RxCpltCallback
 .text.HAL_UART_RxHalfCpltCallback
                0x0800a844       0x14 CMakeFiles/easyfoc.dir/Drivers/STM32G4xx_HAL_Driver/Src/stm32g4xx_hal_uart.c.obj
                0x0800a844                HAL_UART_RxHalfCpltCallback
 .text.HAL_UART_ErrorCallback
                0x0800a858       0x14 CMakeFiles/easyfoc.dir/Drivers/STM32G4xx_HAL_Driver/Src/stm32g4xx_hal_uart.c.obj
                0x0800a858                HAL_UART_ErrorCallback
 .text.HAL_UART_GetState
                0x0800a86c       0x2a CMakeFiles/easyfoc.dir/Drivers/STM32G4xx_HAL_Driver/Src/stm32g4xx_hal_uart.c.obj
                0x0800a86c                HAL_UART_GetState
 .text.HAL_UART_GetError
                0x0800a896       0x1a CMakeFiles/easyfoc.dir/Drivers/STM32G4xx_HAL_Driver/Src/stm32g4xx_hal_uart.c.obj
                0x0800a896                HAL_UART_GetError
 .text.UART_SetConfig
                0x0800a8b0      0x598 CMakeFiles/easyfoc.dir/Drivers/STM32G4xx_HAL_Driver/Src/stm32g4xx_hal_uart.c.obj
                0x0800a8b0                UART_SetConfig
 .text.UART_AdvFeatureConfig
                0x0800ae48      0x144 CMakeFiles/easyfoc.dir/Drivers/STM32G4xx_HAL_Driver/Src/stm32g4xx_hal_uart.c.obj
                0x0800ae48                UART_AdvFeatureConfig
 .text.UART_CheckIdleState
                0x0800af8c      0x154 CMakeFiles/easyfoc.dir/Drivers/STM32G4xx_HAL_Driver/Src/stm32g4xx_hal_uart.c.obj
                0x0800af8c                UART_CheckIdleState
 .text.UART_WaitOnFlagUntilTimeout
                0x0800b0e0       0xda CMakeFiles/easyfoc.dir/Drivers/STM32G4xx_HAL_Driver/Src/stm32g4xx_hal_uart.c.obj
                0x0800b0e0                UART_WaitOnFlagUntilTimeout
 *fill*         0x0800b1ba        0x2 
 .text.UART_Start_Receive_DMA
                0x0800b1bc      0x14c CMakeFiles/easyfoc.dir/Drivers/STM32G4xx_HAL_Driver/Src/stm32g4xx_hal_uart.c.obj
                0x0800b1bc                UART_Start_Receive_DMA
 .text.UART_EndTxTransfer
                0x0800b308       0x82 CMakeFiles/easyfoc.dir/Drivers/STM32G4xx_HAL_Driver/Src/stm32g4xx_hal_uart.c.obj
 .text.UART_EndRxTransfer
                0x0800b38a       0xcc CMakeFiles/easyfoc.dir/Drivers/STM32G4xx_HAL_Driver/Src/stm32g4xx_hal_uart.c.obj
 .text.UART_DMATransmitCplt
                0x0800b456       0x9a CMakeFiles/easyfoc.dir/Drivers/STM32G4xx_HAL_Driver/Src/stm32g4xx_hal_uart.c.obj
 .text.UART_DMATxHalfCplt
                0x0800b4f0       0x1c CMakeFiles/easyfoc.dir/Drivers/STM32G4xx_HAL_Driver/Src/stm32g4xx_hal_uart.c.obj
 .text.UART_DMAReceiveCplt
                0x0800b50c      0x12c CMakeFiles/easyfoc.dir/Drivers/STM32G4xx_HAL_Driver/Src/stm32g4xx_hal_uart.c.obj
 .text.UART_DMARxHalfCplt
                0x0800b638       0x3e CMakeFiles/easyfoc.dir/Drivers/STM32G4xx_HAL_Driver/Src/stm32g4xx_hal_uart.c.obj
 .text.UART_DMAError
                0x0800b676       0x80 CMakeFiles/easyfoc.dir/Drivers/STM32G4xx_HAL_Driver/Src/stm32g4xx_hal_uart.c.obj
 .text.UART_DMAAbortOnError
                0x0800b6f6       0x24 CMakeFiles/easyfoc.dir/Drivers/STM32G4xx_HAL_Driver/Src/stm32g4xx_hal_uart.c.obj
 .text.UART_EndTransmit_IT
                0x0800b71a       0x56 CMakeFiles/easyfoc.dir/Drivers/STM32G4xx_HAL_Driver/Src/stm32g4xx_hal_uart.c.obj
 .text.HAL_UARTEx_WakeupCallback
                0x0800b770       0x14 CMakeFiles/easyfoc.dir/Drivers/STM32G4xx_HAL_Driver/Src/stm32g4xx_hal_uart_ex.c.obj
                0x0800b770                HAL_UARTEx_WakeupCallback
 .text.HAL_UARTEx_RxFifoFullCallback
                0x0800b784       0x14 CMakeFiles/easyfoc.dir/Drivers/STM32G4xx_HAL_Driver/Src/stm32g4xx_hal_uart_ex.c.obj
                0x0800b784                HAL_UARTEx_RxFifoFullCallback
 .text.HAL_UARTEx_TxFifoEmptyCallback
                0x0800b798       0x14 CMakeFiles/easyfoc.dir/Drivers/STM32G4xx_HAL_Driver/Src/stm32g4xx_hal_uart_ex.c.obj
                0x0800b798                HAL_UARTEx_TxFifoEmptyCallback
 .text.HAL_UARTEx_DisableFifoMode
                0x0800b7ac       0x72 CMakeFiles/easyfoc.dir/Drivers/STM32G4xx_HAL_Driver/Src/stm32g4xx_hal_uart_ex.c.obj
                0x0800b7ac                HAL_UARTEx_DisableFifoMode
 .text.HAL_UARTEx_SetTxFifoThreshold
                0x0800b81e       0x7c CMakeFiles/easyfoc.dir/Drivers/STM32G4xx_HAL_Driver/Src/stm32g4xx_hal_uart_ex.c.obj
                0x0800b81e                HAL_UARTEx_SetTxFifoThreshold
 .text.HAL_UARTEx_SetRxFifoThreshold
                0x0800b89a       0x7c CMakeFiles/easyfoc.dir/Drivers/STM32G4xx_HAL_Driver/Src/stm32g4xx_hal_uart_ex.c.obj
                0x0800b89a                HAL_UARTEx_SetRxFifoThreshold
 .text.HAL_UARTEx_ReceiveToIdle_DMA
                0x0800b916       0xa8 CMakeFiles/easyfoc.dir/Drivers/STM32G4xx_HAL_Driver/Src/stm32g4xx_hal_uart_ex.c.obj
                0x0800b916                HAL_UARTEx_ReceiveToIdle_DMA
 *fill*         0x0800b9be        0x2 
 .text.UARTEx_SetNbDataToProcess
                0x0800b9c0       0x9c CMakeFiles/easyfoc.dir/Drivers/STM32G4xx_HAL_Driver/Src/stm32g4xx_hal_uart_ex.c.obj
 .text.SystemInit
                0x0800ba5c       0x24 CMakeFiles/easyfoc.dir/Core/Src/system_stm32g4xx.c.obj
                0x0800ba5c                SystemInit
 .text.vListInitialise
                0x0800ba80       0x40 CMakeFiles/easyfoc.dir/Middlewares/Third_Party/FreeRTOS/Source/list.c.obj
                0x0800ba80                vListInitialise
 .text.vListInitialiseItem
                0x0800bac0       0x1a CMakeFiles/easyfoc.dir/Middlewares/Third_Party/FreeRTOS/Source/list.c.obj
                0x0800bac0                vListInitialiseItem
 .text.vListInsertEnd
                0x0800bada       0x48 CMakeFiles/easyfoc.dir/Middlewares/Third_Party/FreeRTOS/Source/list.c.obj
                0x0800bada                vListInsertEnd
 .text.vListInsert
                0x0800bb22       0x72 CMakeFiles/easyfoc.dir/Middlewares/Third_Party/FreeRTOS/Source/list.c.obj
                0x0800bb22                vListInsert
 .text.uxListRemove
                0x0800bb94       0x54 CMakeFiles/easyfoc.dir/Middlewares/Third_Party/FreeRTOS/Source/list.c.obj
                0x0800bb94                uxListRemove
 .text.xQueueGenericReset
                0x0800bbe8       0xd4 CMakeFiles/easyfoc.dir/Middlewares/Third_Party/FreeRTOS/Source/queue.c.obj
                0x0800bbe8                xQueueGenericReset
 .text.xQueueGenericCreateStatic
                0x0800bcbc       0xfa CMakeFiles/easyfoc.dir/Middlewares/Third_Party/FreeRTOS/Source/queue.c.obj
                0x0800bcbc                xQueueGenericCreateStatic
 .text.prvInitialiseNewQueue
                0x0800bdb6       0x46 CMakeFiles/easyfoc.dir/Middlewares/Third_Party/FreeRTOS/Source/queue.c.obj
 .text.xQueueGiveMutexRecursive
                0x0800bdfc       0x6a CMakeFiles/easyfoc.dir/Middlewares/Third_Party/FreeRTOS/Source/queue.c.obj
                0x0800bdfc                xQueueGiveMutexRecursive
 .text.xQueueTakeMutexRecursive
                0x0800be66       0x6e CMakeFiles/easyfoc.dir/Middlewares/Third_Party/FreeRTOS/Source/queue.c.obj
                0x0800be66                xQueueTakeMutexRecursive
 .text.xQueueGenericSend
                0x0800bed4      0x204 CMakeFiles/easyfoc.dir/Middlewares/Third_Party/FreeRTOS/Source/queue.c.obj
                0x0800bed4                xQueueGenericSend
 .text.xQueueGenericSendFromISR
                0x0800c0d8      0x13c CMakeFiles/easyfoc.dir/Middlewares/Third_Party/FreeRTOS/Source/queue.c.obj
                0x0800c0d8                xQueueGenericSendFromISR
 .text.xQueueReceive
                0x0800c214      0x1c4 CMakeFiles/easyfoc.dir/Middlewares/Third_Party/FreeRTOS/Source/queue.c.obj
                0x0800c214                xQueueReceive
 .text.xQueueSemaphoreTake
                0x0800c3d8      0x220 CMakeFiles/easyfoc.dir/Middlewares/Third_Party/FreeRTOS/Source/queue.c.obj
                0x0800c3d8                xQueueSemaphoreTake
 .text.prvGetDisinheritPriorityAfterTimeout
                0x0800c5f8       0x30 CMakeFiles/easyfoc.dir/Middlewares/Third_Party/FreeRTOS/Source/queue.c.obj
 .text.prvCopyDataToQueue
                0x0800c628       0xd4 CMakeFiles/easyfoc.dir/Middlewares/Third_Party/FreeRTOS/Source/queue.c.obj
 .text.prvCopyDataFromQueue
                0x0800c6fc       0x4c CMakeFiles/easyfoc.dir/Middlewares/Third_Party/FreeRTOS/Source/queue.c.obj
 .text.prvUnlockQueue
                0x0800c748       0xa4 CMakeFiles/easyfoc.dir/Middlewares/Third_Party/FreeRTOS/Source/queue.c.obj
 .text.prvIsQueueEmpty
                0x0800c7ec       0x2c CMakeFiles/easyfoc.dir/Middlewares/Third_Party/FreeRTOS/Source/queue.c.obj
 .text.prvIsQueueFull
                0x0800c818       0x30 CMakeFiles/easyfoc.dir/Middlewares/Third_Party/FreeRTOS/Source/queue.c.obj
 .text.vQueueAddToRegistry
                0x0800c848       0x54 CMakeFiles/easyfoc.dir/Middlewares/Third_Party/FreeRTOS/Source/queue.c.obj
                0x0800c848                vQueueAddToRegistry
 .text.vQueueWaitForMessageRestricted
                0x0800c89c       0x68 CMakeFiles/easyfoc.dir/Middlewares/Third_Party/FreeRTOS/Source/queue.c.obj
                0x0800c89c                vQueueWaitForMessageRestricted
 .text.xTaskCreateStatic
                0x0800c904       0xc0 CMakeFiles/easyfoc.dir/Middlewares/Third_Party/FreeRTOS/Source/tasks.c.obj
                0x0800c904                xTaskCreateStatic
 .text.xTaskCreate
                0x0800c9c4       0x8a CMakeFiles/easyfoc.dir/Middlewares/Third_Party/FreeRTOS/Source/tasks.c.obj
                0x0800c9c4                xTaskCreate
 .text.prvInitialiseNewTask
                0x0800ca4e      0x120 CMakeFiles/easyfoc.dir/Middlewares/Third_Party/FreeRTOS/Source/tasks.c.obj
 *fill*         0x0800cb6e        0x2 
 .text.prvAddNewTaskToReadyList
                0x0800cb70       0xe0 CMakeFiles/easyfoc.dir/Middlewares/Third_Party/FreeRTOS/Source/tasks.c.obj
 .text.vTaskDelay
                0x0800cc50       0x6c CMakeFiles/easyfoc.dir/Middlewares/Third_Party/FreeRTOS/Source/tasks.c.obj
                0x0800cc50                vTaskDelay
 .text.vTaskStartScheduler
                0x0800ccbc       0xd0 CMakeFiles/easyfoc.dir/Middlewares/Third_Party/FreeRTOS/Source/tasks.c.obj
                0x0800ccbc                vTaskStartScheduler
 .text.vTaskSuspendAll
                0x0800cd8c       0x1c CMakeFiles/easyfoc.dir/Middlewares/Third_Party/FreeRTOS/Source/tasks.c.obj
                0x0800cd8c                vTaskSuspendAll
 .text.xTaskResumeAll
                0x0800cda8      0x13c CMakeFiles/easyfoc.dir/Middlewares/Third_Party/FreeRTOS/Source/tasks.c.obj
                0x0800cda8                xTaskResumeAll
 .text.xTaskGetTickCount
                0x0800cee4       0x20 CMakeFiles/easyfoc.dir/Middlewares/Third_Party/FreeRTOS/Source/tasks.c.obj
                0x0800cee4                xTaskGetTickCount
 .text.xTaskIncrementTick
                0x0800cf04      0x174 CMakeFiles/easyfoc.dir/Middlewares/Third_Party/FreeRTOS/Source/tasks.c.obj
                0x0800cf04                xTaskIncrementTick
 .text.vTaskSwitchContext
                0x0800d078       0xbc CMakeFiles/easyfoc.dir/Middlewares/Third_Party/FreeRTOS/Source/tasks.c.obj
                0x0800d078                vTaskSwitchContext
 .text.vTaskPlaceOnEventList
                0x0800d134       0x4c CMakeFiles/easyfoc.dir/Middlewares/Third_Party/FreeRTOS/Source/tasks.c.obj
                0x0800d134                vTaskPlaceOnEventList
 .text.vTaskPlaceOnEventListRestricted
                0x0800d180       0x58 CMakeFiles/easyfoc.dir/Middlewares/Third_Party/FreeRTOS/Source/tasks.c.obj
                0x0800d180                vTaskPlaceOnEventListRestricted
 .text.xTaskRemoveFromEventList
                0x0800d1d8       0xc8 CMakeFiles/easyfoc.dir/Middlewares/Third_Party/FreeRTOS/Source/tasks.c.obj
                0x0800d1d8                xTaskRemoveFromEventList
 .text.vTaskInternalSetTimeOutState
                0x0800d2a0       0x2c CMakeFiles/easyfoc.dir/Middlewares/Third_Party/FreeRTOS/Source/tasks.c.obj
                0x0800d2a0                vTaskInternalSetTimeOutState
 .text.xTaskCheckForTimeOut
                0x0800d2cc       0xc8 CMakeFiles/easyfoc.dir/Middlewares/Third_Party/FreeRTOS/Source/tasks.c.obj
                0x0800d2cc                xTaskCheckForTimeOut
 .text.vTaskMissedYield
                0x0800d394       0x18 CMakeFiles/easyfoc.dir/Middlewares/Third_Party/FreeRTOS/Source/tasks.c.obj
                0x0800d394                vTaskMissedYield
 .text.prvIdleTask
                0x0800d3ac       0x30 CMakeFiles/easyfoc.dir/Middlewares/Third_Party/FreeRTOS/Source/tasks.c.obj
 .text.prvInitialiseTaskLists
                0x0800d3dc       0x80 CMakeFiles/easyfoc.dir/Middlewares/Third_Party/FreeRTOS/Source/tasks.c.obj
 .text.prvCheckTasksWaitingTermination
                0x0800d45c       0x5c CMakeFiles/easyfoc.dir/Middlewares/Third_Party/FreeRTOS/Source/tasks.c.obj
 .text.prvDeleteTCB
                0x0800d4b8       0x60 CMakeFiles/easyfoc.dir/Middlewares/Third_Party/FreeRTOS/Source/tasks.c.obj
 .text.prvResetNextTaskUnblockTime
                0x0800d518       0x40 CMakeFiles/easyfoc.dir/Middlewares/Third_Party/FreeRTOS/Source/tasks.c.obj
 .text.xTaskGetCurrentTaskHandle
                0x0800d558       0x20 CMakeFiles/easyfoc.dir/Middlewares/Third_Party/FreeRTOS/Source/tasks.c.obj
                0x0800d558                xTaskGetCurrentTaskHandle
 .text.xTaskGetSchedulerState
                0x0800d578       0x3c CMakeFiles/easyfoc.dir/Middlewares/Third_Party/FreeRTOS/Source/tasks.c.obj
                0x0800d578                xTaskGetSchedulerState
 .text.xTaskPriorityInherit
                0x0800d5b4       0xd0 CMakeFiles/easyfoc.dir/Middlewares/Third_Party/FreeRTOS/Source/tasks.c.obj
                0x0800d5b4                xTaskPriorityInherit
 .text.xTaskPriorityDisinherit
                0x0800d684       0xe0 CMakeFiles/easyfoc.dir/Middlewares/Third_Party/FreeRTOS/Source/tasks.c.obj
                0x0800d684                xTaskPriorityDisinherit
 .text.vTaskPriorityDisinheritAfterTimeout
                0x0800d764      0x108 CMakeFiles/easyfoc.dir/Middlewares/Third_Party/FreeRTOS/Source/tasks.c.obj
                0x0800d764                vTaskPriorityDisinheritAfterTimeout
 .text.pvTaskIncrementMutexHeldCount
                0x0800d86c       0x28 CMakeFiles/easyfoc.dir/Middlewares/Third_Party/FreeRTOS/Source/tasks.c.obj
                0x0800d86c                pvTaskIncrementMutexHeldCount
 .text.prvAddCurrentTaskToDelayedList
                0x0800d894       0xa8 CMakeFiles/easyfoc.dir/Middlewares/Third_Party/FreeRTOS/Source/tasks.c.obj
 .text.xTimerCreateTimerTask
                0x0800d93c       0x94 CMakeFiles/easyfoc.dir/Middlewares/Third_Party/FreeRTOS/Source/timers.c.obj
                0x0800d93c                xTimerCreateTimerTask
 .text.xTimerGenericCommand
                0x0800d9d0       0x9c CMakeFiles/easyfoc.dir/Middlewares/Third_Party/FreeRTOS/Source/timers.c.obj
                0x0800d9d0                xTimerGenericCommand
 .text.prvProcessExpiredTimer
                0x0800da6c       0x9c CMakeFiles/easyfoc.dir/Middlewares/Third_Party/FreeRTOS/Source/timers.c.obj
 .text.prvTimerTask
                0x0800db08       0x26 CMakeFiles/easyfoc.dir/Middlewares/Third_Party/FreeRTOS/Source/timers.c.obj
 *fill*         0x0800db2e        0x2 
 .text.prvProcessTimerOrBlockTask
                0x0800db30       0x9c CMakeFiles/easyfoc.dir/Middlewares/Third_Party/FreeRTOS/Source/timers.c.obj
 .text.prvGetNextExpireTime
                0x0800dbcc       0x48 CMakeFiles/easyfoc.dir/Middlewares/Third_Party/FreeRTOS/Source/timers.c.obj
 .text.prvSampleTimeNow
                0x0800dc14       0x40 CMakeFiles/easyfoc.dir/Middlewares/Third_Party/FreeRTOS/Source/timers.c.obj
 .text.prvInsertTimerInActiveList
                0x0800dc54       0x84 CMakeFiles/easyfoc.dir/Middlewares/Third_Party/FreeRTOS/Source/timers.c.obj
 .text.prvProcessReceivedCommands
                0x0800dcd8      0x1cc CMakeFiles/easyfoc.dir/Middlewares/Third_Party/FreeRTOS/Source/timers.c.obj
 .text.prvSwitchTimerLists
                0x0800dea4       0xcc CMakeFiles/easyfoc.dir/Middlewares/Third_Party/FreeRTOS/Source/timers.c.obj
 .text.prvCheckForValidListAndQueue
                0x0800df70       0x80 CMakeFiles/easyfoc.dir/Middlewares/Third_Party/FreeRTOS/Source/timers.c.obj
 .text.__NVIC_SetPriority
                0x0800dff0       0x54 CMakeFiles/easyfoc.dir/Middlewares/Third_Party/FreeRTOS/Source/CMSIS_RTOS_V2/cmsis_os2.c.obj
 .text.SysTick_Handler
                0x0800e044       0x20 CMakeFiles/easyfoc.dir/Middlewares/Third_Party/FreeRTOS/Source/CMSIS_RTOS_V2/cmsis_os2.c.obj
                0x0800e044                SysTick_Handler
 .text.SVC_Setup
                0x0800e064       0x12 CMakeFiles/easyfoc.dir/Middlewares/Third_Party/FreeRTOS/Source/CMSIS_RTOS_V2/cmsis_os2.c.obj
 *fill*         0x0800e076        0x2 
 .text.osKernelInitialize
                0x0800e078       0x48 CMakeFiles/easyfoc.dir/Middlewares/Third_Party/FreeRTOS/Source/CMSIS_RTOS_V2/cmsis_os2.c.obj
                0x0800e078                osKernelInitialize
 .text.osKernelStart
                0x0800e0c0       0x4c CMakeFiles/easyfoc.dir/Middlewares/Third_Party/FreeRTOS/Source/CMSIS_RTOS_V2/cmsis_os2.c.obj
                0x0800e0c0                osKernelStart
 .text.osThreadNew
                0x0800e10c      0x124 CMakeFiles/easyfoc.dir/Middlewares/Third_Party/FreeRTOS/Source/CMSIS_RTOS_V2/cmsis_os2.c.obj
                0x0800e10c                osThreadNew
 .text.osDelay  0x0800e230       0x36 CMakeFiles/easyfoc.dir/Middlewares/Third_Party/FreeRTOS/Source/CMSIS_RTOS_V2/cmsis_os2.c.obj
                0x0800e230                osDelay
 .text.osMutexAcquire
                0x0800e266       0x96 CMakeFiles/easyfoc.dir/Middlewares/Third_Party/FreeRTOS/Source/CMSIS_RTOS_V2/cmsis_os2.c.obj
                0x0800e266                osMutexAcquire
 .text.osMutexRelease
                0x0800e2fc       0x7a CMakeFiles/easyfoc.dir/Middlewares/Third_Party/FreeRTOS/Source/CMSIS_RTOS_V2/cmsis_os2.c.obj
                0x0800e2fc                osMutexRelease
 *fill*         0x0800e376        0x2 
 .text.vApplicationGetIdleTaskMemory
                0x0800e378       0x34 CMakeFiles/easyfoc.dir/Middlewares/Third_Party/FreeRTOS/Source/CMSIS_RTOS_V2/cmsis_os2.c.obj
                0x0800e378                vApplicationGetIdleTaskMemory
 .text.vApplicationGetTimerTaskMemory
                0x0800e3ac       0x34 CMakeFiles/easyfoc.dir/Middlewares/Third_Party/FreeRTOS/Source/CMSIS_RTOS_V2/cmsis_os2.c.obj
                0x0800e3ac                vApplicationGetTimerTaskMemory
 .text.pvPortMalloc
                0x0800e3e0      0x19c CMakeFiles/easyfoc.dir/Middlewares/Third_Party/FreeRTOS/Source/portable/MemMang/heap_4.c.obj
                0x0800e3e0                pvPortMalloc
 .text.vPortFree
                0x0800e57c       0xc8 CMakeFiles/easyfoc.dir/Middlewares/Third_Party/FreeRTOS/Source/portable/MemMang/heap_4.c.obj
                0x0800e57c                vPortFree
 .text.prvHeapInit
                0x0800e644       0xc4 CMakeFiles/easyfoc.dir/Middlewares/Third_Party/FreeRTOS/Source/portable/MemMang/heap_4.c.obj
 .text.prvInsertBlockIntoFreeList
                0x0800e708       0xb4 CMakeFiles/easyfoc.dir/Middlewares/Third_Party/FreeRTOS/Source/portable/MemMang/heap_4.c.obj
 .text.pxPortInitialiseStack
                0x0800e7bc       0x68 CMakeFiles/easyfoc.dir/Middlewares/Third_Party/FreeRTOS/Source/portable/GCC/ARM_CM4F/port.c.obj
                0x0800e7bc                pxPortInitialiseStack
 .text.prvTaskExitError
                0x0800e824       0x5c CMakeFiles/easyfoc.dir/Middlewares/Third_Party/FreeRTOS/Source/portable/GCC/ARM_CM4F/port.c.obj
 .text.SVC_Handler
                0x0800e880       0x28 CMakeFiles/easyfoc.dir/Middlewares/Third_Party/FreeRTOS/Source/portable/GCC/ARM_CM4F/port.c.obj
                0x0800e880                SVC_Handler
 .text.prvPortStartFirstTask
                0x0800e8a8       0x28 CMakeFiles/easyfoc.dir/Middlewares/Third_Party/FreeRTOS/Source/portable/GCC/ARM_CM4F/port.c.obj
 .text.xPortStartScheduler
                0x0800e8d0      0x148 CMakeFiles/easyfoc.dir/Middlewares/Third_Party/FreeRTOS/Source/portable/GCC/ARM_CM4F/port.c.obj
                0x0800e8d0                xPortStartScheduler
 .text.vPortEnterCritical
                0x0800ea18       0x64 CMakeFiles/easyfoc.dir/Middlewares/Third_Party/FreeRTOS/Source/portable/GCC/ARM_CM4F/port.c.obj
                0x0800ea18                vPortEnterCritical
 .text.vPortExitCritical
                0x0800ea7c       0x54 CMakeFiles/easyfoc.dir/Middlewares/Third_Party/FreeRTOS/Source/portable/GCC/ARM_CM4F/port.c.obj
                0x0800ea7c                vPortExitCritical
 .text.PendSV_Handler
                0x0800ead0       0x68 CMakeFiles/easyfoc.dir/Middlewares/Third_Party/FreeRTOS/Source/portable/GCC/ARM_CM4F/port.c.obj
                0x0800ead0                PendSV_Handler
 .text.xPortSysTickHandler
                0x0800eb38       0x44 CMakeFiles/easyfoc.dir/Middlewares/Third_Party/FreeRTOS/Source/portable/GCC/ARM_CM4F/port.c.obj
                0x0800eb38                xPortSysTickHandler
 .text.vPortSetupTimerInterrupt
                0x0800eb7c       0x48 CMakeFiles/easyfoc.dir/Middlewares/Third_Party/FreeRTOS/Source/portable/GCC/ARM_CM4F/port.c.obj
                0x0800eb7c                vPortSetupTimerInterrupt
 .text.vPortEnableVFP
                0x0800ebc4       0x14 CMakeFiles/easyfoc.dir/Middlewares/Third_Party/FreeRTOS/Source/portable/GCC/ARM_CM4F/port.c.obj
 .text.vPortValidateInterruptPriority
                0x0800ebd8       0x84 CMakeFiles/easyfoc.dir/Middlewares/Third_Party/FreeRTOS/Source/portable/GCC/ARM_CM4F/port.c.obj
                0x0800ebd8                vPortValidateInterruptPriority
 .text._sbrk    0x0800ec5c       0x6c CMakeFiles/easyfoc.dir/Core/Src/sysmem.c.obj
                0x0800ec5c                _sbrk
 .text._getpid  0x0800ecc8       0x10 CMakeFiles/easyfoc.dir/Core/Src/syscalls.c.obj
                0x0800ecc8                _getpid
 .text._kill    0x0800ecd8       0x20 CMakeFiles/easyfoc.dir/Core/Src/syscalls.c.obj
                0x0800ecd8                _kill
 .text._exit    0x0800ecf8       0x16 CMakeFiles/easyfoc.dir/Core/Src/syscalls.c.obj
                0x0800ecf8                _exit
 .text._read    0x0800ed0e       0x3a CMakeFiles/easyfoc.dir/Core/Src/syscalls.c.obj
                0x0800ed0e                _read
 .text._close   0x0800ed48       0x18 CMakeFiles/easyfoc.dir/Core/Src/syscalls.c.obj
                0x0800ed48                _close
 .text._fstat   0x0800ed60       0x20 CMakeFiles/easyfoc.dir/Core/Src/syscalls.c.obj
                0x0800ed60                _fstat
 .text._isatty  0x0800ed80       0x16 CMakeFiles/easyfoc.dir/Core/Src/syscalls.c.obj
                0x0800ed80                _isatty
 .text._lseek   0x0800ed96       0x1a CMakeFiles/easyfoc.dir/Core/Src/syscalls.c.obj
                0x0800ed96                _lseek
 .text.Reset_Handler
                0x0800edb0       0x50 CMakeFiles/easyfoc.dir/startup_stm32g431xx.s.obj
                0x0800edb0                Reset_Handler
 .text.Default_Handler
                0x0800ee00        0x2 CMakeFiles/easyfoc.dir/startup_stm32g431xx.s.obj
                0x0800ee00                RTC_Alarm_IRQHandler
                0x0800ee00                EXTI2_IRQHandler
                0x0800ee00                TIM8_TRG_COM_IRQHandler
                0x0800ee00                TIM8_CC_IRQHandler
                0x0800ee00                TIM1_CC_IRQHandler
                0x0800ee00                USB_HP_IRQHandler
                0x0800ee00                CORDIC_IRQHandler
                0x0800ee00                EXTI3_IRQHandler
                0x0800ee00                I2C3_ER_IRQHandler
                0x0800ee00                EXTI0_IRQHandler
                0x0800ee00                I2C2_EV_IRQHandler
                0x0800ee00                FPU_IRQHandler
                0x0800ee00                FDCAN1_IT1_IRQHandler
                0x0800ee00                TIM1_UP_TIM16_IRQHandler
                0x0800ee00                ADC1_2_IRQHandler
                0x0800ee00                SPI1_IRQHandler
                0x0800ee00                TIM6_DAC_IRQHandler
                0x0800ee00                TIM8_UP_IRQHandler
                0x0800ee00                DMA2_Channel2_IRQHandler
                0x0800ee00                DMA1_Channel4_IRQHandler
                0x0800ee00                USART3_IRQHandler
                0x0800ee00                TIM4_IRQHandler
                0x0800ee00                DMA2_Channel1_IRQHandler
                0x0800ee00                I2C1_EV_IRQHandler
                0x0800ee00                DMA1_Channel6_IRQHandler
                0x0800ee00                UART4_IRQHandler
                0x0800ee00                DMA2_Channel4_IRQHandler
                0x0800ee00                TIM3_IRQHandler
                0x0800ee00                RCC_IRQHandler
                0x0800ee00                Default_Handler
                0x0800ee00                RTC_TAMP_LSECSS_IRQHandler
                0x0800ee00                FMAC_IRQHandler
                0x0800ee00                EXTI15_10_IRQHandler
                0x0800ee00                TIM7_IRQHandler
                0x0800ee00                UCPD1_IRQHandler
                0x0800ee00                I2C3_EV_IRQHandler
                0x0800ee00                EXTI9_5_IRQHandler
                0x0800ee00                RTC_WKUP_IRQHandler
                0x0800ee00                PVD_PVM_IRQHandler
                0x0800ee00                SPI2_IRQHandler
                0x0800ee00                DMA2_Channel5_IRQHandler
                0x0800ee00                CRS_IRQHandler
                0x0800ee00                DMA1_Channel5_IRQHandler
                0x0800ee00                USB_LP_IRQHandler
                0x0800ee00                EXTI4_IRQHandler
                0x0800ee00                RNG_IRQHandler
                0x0800ee00                TIM1_TRG_COM_TIM17_IRQHandler
                0x0800ee00                DMA1_Channel3_IRQHandler
                0x0800ee00                WWDG_IRQHandler
                0x0800ee00                LPUART1_IRQHandler
                0x0800ee00                DMA2_Channel6_IRQHandler
                0x0800ee00                FDCAN1_IT0_IRQHandler
                0x0800ee00                COMP1_2_3_IRQHandler
                0x0800ee00                EXTI1_IRQHandler
                0x0800ee00                I2C2_ER_IRQHandler
                0x0800ee00                TIM8_BRK_IRQHandler
                0x0800ee00                FLASH_IRQHandler
                0x0800ee00                USART1_IRQHandler
                0x0800ee00                SPI3_IRQHandler
                0x0800ee00                I2C1_ER_IRQHandler
                0x0800ee00                LPTIM1_IRQHandler
                0x0800ee00                DMAMUX_OVR_IRQHandler
                0x0800ee00                USBWakeUp_IRQHandler
                0x0800ee00                SAI1_IRQHandler
                0x0800ee00                DMA2_Channel3_IRQHandler
                0x0800ee00                COMP4_IRQHandler
                0x0800ee00                TIM1_BRK_TIM15_IRQHandler
 .text.atof     0x0800ee02        0x6 /opt/st/stm32cubeclt_1.17.0/GNU-tools-for-STM32/bin/../lib/gcc/arm-none-eabi/12.3.1/../../../../arm-none-eabi/lib/thumb/v7e-m+fp/hard/libg_nano.a(libc_a-atof.o)
                0x0800ee02                atof
 .text.sulp     0x0800ee08       0x3c /opt/st/stm32cubeclt_1.17.0/GNU-tools-for-STM32/bin/../lib/gcc/arm-none-eabi/12.3.1/../../../../arm-none-eabi/lib/thumb/v7e-m+fp/hard/libg_nano.a(libc_a-strtod.o)
 *fill*         0x0800ee44        0x4 
 .text._strtod_l
                0x0800ee48      0xbc8 /opt/st/stm32cubeclt_1.17.0/GNU-tools-for-STM32/bin/../lib/gcc/arm-none-eabi/12.3.1/../../../../arm-none-eabi/lib/thumb/v7e-m+fp/hard/libg_nano.a(libc_a-strtod.o)
                0x0800ee48                _strtod_l
 .text.strtod   0x0800fa10       0x18 /opt/st/stm32cubeclt_1.17.0/GNU-tools-for-STM32/bin/../lib/gcc/arm-none-eabi/12.3.1/../../../../arm-none-eabi/lib/thumb/v7e-m+fp/hard/libg_nano.a(libc_a-strtod.o)
                0x0800fa10                strtod
 .text.snprintf
                0x0800fa28       0x68 /opt/st/stm32cubeclt_1.17.0/GNU-tools-for-STM32/bin/../lib/gcc/arm-none-eabi/12.3.1/../../../../arm-none-eabi/lib/thumb/v7e-m+fp/hard/libg_nano.a(libc_a-snprintf.o)
                0x0800fa28                snprintf
                0x0800fa28                sniprintf
 .text._vsnprintf_r
                0x0800fa90       0x56 /opt/st/stm32cubeclt_1.17.0/GNU-tools-for-STM32/bin/../lib/gcc/arm-none-eabi/12.3.1/../../../../arm-none-eabi/lib/thumb/v7e-m+fp/hard/libg_nano.a(libc_a-vsnprintf.o)
                0x0800fa90                _vsnprintf_r
                0x0800fa90                _vsniprintf_r
 *fill*         0x0800fae6        0x2 
 .text.vsnprintf
                0x0800fae8       0x1c /opt/st/stm32cubeclt_1.17.0/GNU-tools-for-STM32/bin/../lib/gcc/arm-none-eabi/12.3.1/../../../../arm-none-eabi/lib/thumb/v7e-m+fp/hard/libg_nano.a(libc_a-vsnprintf.o)
                0x0800fae8                vsnprintf
                0x0800fae8                vsniprintf
 .text.strncmp  0x0800fb04       0x24 /opt/st/stm32cubeclt_1.17.0/GNU-tools-for-STM32/bin/../lib/gcc/arm-none-eabi/12.3.1/../../../../arm-none-eabi/lib/thumb/v7e-m+fp/hard/libg_nano.a(libc_a-strncmp.o)
                0x0800fb04                strncmp
 .text.strncpy  0x0800fb28       0x26 /opt/st/stm32cubeclt_1.17.0/GNU-tools-for-STM32/bin/../lib/gcc/arm-none-eabi/12.3.1/../../../../arm-none-eabi/lib/thumb/v7e-m+fp/hard/libg_nano.a(libc_a-strncpy.o)
                0x0800fb28                strncpy
 .text.strstr   0x0800fb4e       0x2c /opt/st/stm32cubeclt_1.17.0/GNU-tools-for-STM32/bin/../lib/gcc/arm-none-eabi/12.3.1/../../../../arm-none-eabi/lib/thumb/v7e-m+fp/hard/libg_nano.a(libc_a-strstr.o)
                0x0800fb4e                strstr
 *fill*         0x0800fb7a        0x2 
 .text.__errno  0x0800fb7c        0xc /opt/st/stm32cubeclt_1.17.0/GNU-tools-for-STM32/bin/../lib/gcc/arm-none-eabi/12.3.1/../../../../arm-none-eabi/lib/thumb/v7e-m+fp/hard/libg_nano.a(libc_a-errno.o)
                0x0800fb7c                __errno
 .text.nan      0x0800fb88       0x10 /opt/st/stm32cubeclt_1.17.0/GNU-tools-for-STM32/bin/../lib/gcc/arm-none-eabi/12.3.1/../../../../arm-none-eabi/lib/thumb/v7e-m+fp/hard/libg_nano.a(libm_a-s_nan.o)
                0x0800fb88                nan
 .text.rshift   0x0800fb98       0xa4 /opt/st/stm32cubeclt_1.17.0/GNU-tools-for-STM32/bin/../lib/gcc/arm-none-eabi/12.3.1/../../../../arm-none-eabi/lib/thumb/v7e-m+fp/hard/libg_nano.a(libc_a-gdtoa-gethex.o)
 .text.__hexdig_fun
                0x0800fc3c       0x2a /opt/st/stm32cubeclt_1.17.0/GNU-tools-for-STM32/bin/../lib/gcc/arm-none-eabi/12.3.1/../../../../arm-none-eabi/lib/thumb/v7e-m+fp/hard/libg_nano.a(libc_a-gdtoa-gethex.o)
                0x0800fc3c                __hexdig_fun
 *fill*         0x0800fc66        0x2 
 .text.__gethex
                0x0800fc68      0x420 /opt/st/stm32cubeclt_1.17.0/GNU-tools-for-STM32/bin/../lib/gcc/arm-none-eabi/12.3.1/../../../../arm-none-eabi/lib/thumb/v7e-m+fp/hard/libg_nano.a(libc_a-gdtoa-gethex.o)
                0x0800fc68                __gethex
 .text.L_shift  0x08010088       0x24 /opt/st/stm32cubeclt_1.17.0/GNU-tools-for-STM32/bin/../lib/gcc/arm-none-eabi/12.3.1/../../../../arm-none-eabi/lib/thumb/v7e-m+fp/hard/libg_nano.a(libc_a-gdtoa-hexnan.o)
 .text.__match  0x080100ac       0x28 /opt/st/stm32cubeclt_1.17.0/GNU-tools-for-STM32/bin/../lib/gcc/arm-none-eabi/12.3.1/../../../../arm-none-eabi/lib/thumb/v7e-m+fp/hard/libg_nano.a(libc_a-gdtoa-hexnan.o)
                0x080100ac                __match
 .text.__hexnan
                0x080100d4      0x136 /opt/st/stm32cubeclt_1.17.0/GNU-tools-for-STM32/bin/../lib/gcc/arm-none-eabi/12.3.1/../../../../arm-none-eabi/lib/thumb/v7e-m+fp/hard/libg_nano.a(libc_a-gdtoa-hexnan.o)
                0x080100d4                __hexnan
 .text.__ssputs_r
                0x0801020a       0xb6 /opt/st/stm32cubeclt_1.17.0/GNU-tools-for-STM32/bin/../lib/gcc/arm-none-eabi/12.3.1/../../../../arm-none-eabi/lib/thumb/v7e-m+fp/hard/libg_nano.a(libc_a-nano-svfprintf.o)
                0x0801020a                __ssputs_r
 .text._svfprintf_r
                0x080102c0      0x1f8 /opt/st/stm32cubeclt_1.17.0/GNU-tools-for-STM32/bin/../lib/gcc/arm-none-eabi/12.3.1/../../../../arm-none-eabi/lib/thumb/v7e-m+fp/hard/libg_nano.a(libc_a-nano-svfprintf.o)
                0x080102c0                _svfprintf_r
                0x080102c0                _svfiprintf_r
 .text.fmod     0x080104b8       0x5c /opt/st/stm32cubeclt_1.17.0/GNU-tools-for-STM32/bin/../lib/gcc/arm-none-eabi/12.3.1/../../../../arm-none-eabi/lib/thumb/v7e-m+fp/hard/libm.a(libm_a-w_fmod.o)
                0x080104b8                fmod
 *fill*         0x08010514        0x4 